Archive member included because of file (symbol)

c:/altera/13.0/nios2eds/bin/gnu/h-i686-mingw32/bin/../lib/gcc/nios2-elf/4.1.2/../../../../nios2-elf/lib\libc.a(lib_a-memcmp.o)
                              obj/default/FreeRTOS/tasks.o (memcmp)
c:/altera/13.0/nios2eds/bin/gnu/h-i686-mingw32/bin/../lib/gcc/nios2-elf/4.1.2/../../../../nios2-elf/lib\libc.a(lib_a-memcpy.o)
                              obj/default/FreeRTOS/queue.o (memcpy)
c:/altera/13.0/nios2eds/bin/gnu/h-i686-mingw32/bin/../lib/gcc/nios2-elf/4.1.2/../../../../nios2-elf/lib\libc.a(lib_a-memset.o)
                              obj/default/FreeRTOS/tasks.o (memset)
c:/altera/13.0/nios2eds/bin/gnu/h-i686-mingw32/bin/../lib/gcc/nios2-elf/4.1.2/../../../../nios2-elf/lib\libc.a(lib_a-printf.o)
                              obj/default/FreeRTOS/port.o (printf)
c:/altera/13.0/nios2eds/bin/gnu/h-i686-mingw32/bin/../lib/gcc/nios2-elf/4.1.2/../../../../nios2-elf/lib\libc.a(lib_a-puts.o)
                              obj/default/hello_world.o (puts)
c:/altera/13.0/nios2eds/bin/gnu/h-i686-mingw32/bin/../lib/gcc/nios2-elf/4.1.2/../../../../nios2-elf/lib\libc.a(lib_a-strlen.o)
                              c:/altera/13.0/nios2eds/bin/gnu/h-i686-mingw32/bin/../lib/gcc/nios2-elf/4.1.2/../../../../nios2-elf/lib\libc.a(lib_a-puts.o) (strlen)
c:/altera/13.0/nios2eds/bin/gnu/h-i686-mingw32/bin/../lib/gcc/nios2-elf/4.1.2/../../../../nios2-elf/lib\libc.a(lib_a-vfprintf.o)
                              c:/altera/13.0/nios2eds/bin/gnu/h-i686-mingw32/bin/../lib/gcc/nios2-elf/4.1.2/../../../../nios2-elf/lib\libc.a(lib_a-printf.o) (___vfprintf_internal_r)
c:/altera/13.0/nios2eds/bin/gnu/h-i686-mingw32/bin/../lib/gcc/nios2-elf/4.1.2/../../../../nios2-elf/lib\libc.a(lib_a-wsetup.o)
                              c:/altera/13.0/nios2eds/bin/gnu/h-i686-mingw32/bin/../lib/gcc/nios2-elf/4.1.2/../../../../nios2-elf/lib\libc.a(lib_a-vfprintf.o) (__swsetup_r)
c:/altera/13.0/nios2eds/bin/gnu/h-i686-mingw32/bin/../lib/gcc/nios2-elf/4.1.2/../../../../nios2-elf/lib\libc.a(lib_a-dtoa.o)
                              c:/altera/13.0/nios2eds/bin/gnu/h-i686-mingw32/bin/../lib/gcc/nios2-elf/4.1.2/../../../../nios2-elf/lib\libc.a(lib_a-vfprintf.o) (_dtoa_r)
c:/altera/13.0/nios2eds/bin/gnu/h-i686-mingw32/bin/../lib/gcc/nios2-elf/4.1.2/../../../../nios2-elf/lib\libc.a(lib_a-fflush.o)
                              c:/altera/13.0/nios2eds/bin/gnu/h-i686-mingw32/bin/../lib/gcc/nios2-elf/4.1.2/../../../../nios2-elf/lib\libc.a(lib_a-vfprintf.o) (_fflush_r)
c:/altera/13.0/nios2eds/bin/gnu/h-i686-mingw32/bin/../lib/gcc/nios2-elf/4.1.2/../../../../nios2-elf/lib\libc.a(lib_a-findfp.o)
                              c:/altera/13.0/nios2eds/bin/gnu/h-i686-mingw32/bin/../lib/gcc/nios2-elf/4.1.2/../../../../nios2-elf/lib\libc.a(lib_a-vfprintf.o) (__sinit)
c:/altera/13.0/nios2eds/bin/gnu/h-i686-mingw32/bin/../lib/gcc/nios2-elf/4.1.2/../../../../nios2-elf/lib\libc.a(lib_a-freer.o)
                              c:/altera/13.0/nios2eds/bin/gnu/h-i686-mingw32/bin/../lib/gcc/nios2-elf/4.1.2/../../../../nios2-elf/lib\libc.a(lib_a-wsetup.o) (_free_r)
c:/altera/13.0/nios2eds/bin/gnu/h-i686-mingw32/bin/../lib/gcc/nios2-elf/4.1.2/../../../../nios2-elf/lib\libc.a(lib_a-fvwrite.o)
                              c:/altera/13.0/nios2eds/bin/gnu/h-i686-mingw32/bin/../lib/gcc/nios2-elf/4.1.2/../../../../nios2-elf/lib\libc.a(lib_a-puts.o) (__sfvwrite_r)
c:/altera/13.0/nios2eds/bin/gnu/h-i686-mingw32/bin/../lib/gcc/nios2-elf/4.1.2/../../../../nios2-elf/lib\libc.a(lib_a-fwalk.o)
                              c:/altera/13.0/nios2eds/bin/gnu/h-i686-mingw32/bin/../lib/gcc/nios2-elf/4.1.2/../../../../nios2-elf/lib\libc.a(lib_a-fflush.o) (_fwalk_reent)
c:/altera/13.0/nios2eds/bin/gnu/h-i686-mingw32/bin/../lib/gcc/nios2-elf/4.1.2/../../../../nios2-elf/lib\libc.a(lib_a-impure.o)
                              c:/altera/13.0/nios2eds/bin/gnu/h-i686-mingw32/bin/../lib/gcc/nios2-elf/4.1.2/../../../../nios2-elf/lib\libc.a(lib_a-printf.o) (_impure_ptr)
c:/altera/13.0/nios2eds/bin/gnu/h-i686-mingw32/bin/../lib/gcc/nios2-elf/4.1.2/../../../../nios2-elf/lib\libc.a(lib_a-locale.o)
                              c:/altera/13.0/nios2eds/bin/gnu/h-i686-mingw32/bin/../lib/gcc/nios2-elf/4.1.2/../../../../nios2-elf/lib\libc.a(lib_a-vfprintf.o) (_localeconv_r)
c:/altera/13.0/nios2eds/bin/gnu/h-i686-mingw32/bin/../lib/gcc/nios2-elf/4.1.2/../../../../nios2-elf/lib\libc.a(lib_a-makebuf.o)
                              c:/altera/13.0/nios2eds/bin/gnu/h-i686-mingw32/bin/../lib/gcc/nios2-elf/4.1.2/../../../../nios2-elf/lib\libc.a(lib_a-wsetup.o) (__smakebuf_r)
c:/altera/13.0/nios2eds/bin/gnu/h-i686-mingw32/bin/../lib/gcc/nios2-elf/4.1.2/../../../../nios2-elf/lib\libc.a(lib_a-mallocr.o)
                              c:/altera/13.0/nios2eds/bin/gnu/h-i686-mingw32/bin/../lib/gcc/nios2-elf/4.1.2/../../../../nios2-elf/lib\libc.a(lib_a-findfp.o) (_malloc_r)
[...]
Memory Configuration

Name             Origin             Length             Attributes
onchip_memory_BEFORE_EXCEPTION 0x00000000         0x00000020
onchip_memory    0x00000020         0x00031fe0
reset            0x01000000         0x00000020
flash_controller 0x01000020         0x007fffe0
sdram            0x08000000         0x08000000
*default*        0x00000000         0xffffffff

Linker script and memory map

LOAD ../a1_bsp//obj/HAL/src/crt0.o
LOAD obj/default/FreeRTOS/croutine.o
LOAD obj/default/FreeRTOS/event_groups.o
LOAD obj/default/FreeRTOS/heap.o
LOAD obj/default/FreeRTOS/list.o
LOAD obj/default/FreeRTOS/port.o
LOAD obj/default/FreeRTOS/queue.o
LOAD obj/default/FreeRTOS/tasks.o
LOAD obj/default/FreeRTOS/timers.o
LOAD obj/default/hello_world.o
LOAD obj/default/FreeRTOS/port_asm.o
LOAD c:/altera/13.0/nios2eds/bin/gnu/h-i686-mingw32/bin/../lib/gcc/nios2-elf/4.1.2/../../../../nios2-elf/lib\libstdc++.a
LOAD c:/altera/13.0/nios2eds/bin/gnu/h-i686-mingw32/bin/../lib/gcc/nios2-elf/4.1.2/../../../../nios2-elf/lib\libm.a
LOAD c:/altera/13.0/nios2eds/bin/gnu/h-i686-mingw32/bin/../lib/gcc/nios2-elf/4.1.2\libgcc.a
START GROUP
LOAD c:/altera/13.0/nios2eds/bin/gnu/h-i686-mingw32/bin/../lib/gcc/nios2-elf/4.1.2/../../../../nios2-elf/lib\libc.a
LOAD c:/altera/13.0/nios2eds/bin/gnu/h-i686-mingw32/bin/../lib/gcc/nios2-elf/4.1.2\libgcc.a
LOAD ../a1_bsp/\libhal_bsp.a
END GROUP
LOAD c:/altera/13.0/nios2eds/bin/gnu/h-i686-mingw32/bin/../lib/gcc/nios2-elf/4.1.2\libgcc.a
                0x00000000                __alt_mem_onchip_memory = 0x0
                0x01000000                __alt_mem_flash_controller = 0x1000000
                0x08000000                __alt_mem_sdram = 0x8000000

.entry          0x01000000        0x0
 *(.entry)
 .entry         0x01000000        0x0 ../a1_bsp//obj/HAL/src/crt0.o
                0x01000000                __reset

.exceptions     0x00000020      0x228
                0x00000020                PROVIDE (__ram_exceptions_start, ABSOLUTE (.))
                0x00000020                . = ALIGN (0x20)
 *(.irq)
 *(.exceptions.entry.label)
 *(.exceptions.entry.user)
 *(.exceptions.entry)
 .exceptions.entry
                0x00000020       0x8c obj/default/FreeRTOS/port_asm.o
 *(.exceptions.irqtest.user)
 *(.exceptions.irqtest)
 .exceptions.irqtest
                0x000000ac       0x14 obj/default/FreeRTOS/port_asm.o
 *(.exceptions.irqhandler.user)
 *(.exceptions.irqhandler)
 .exceptions.irqhandler
                0x000000c0        0x4 obj/default/FreeRTOS/port_asm.o
 *(.exceptions.irqreturn.user)
 *(.exceptions.irqreturn)
 .exceptions.irqreturn
                0x000000c4       0x8c obj/default/FreeRTOS/port_asm.o
                0x000000c4                restore_sp_from_pxCurrentTCB
 *(.exceptions.notirq.label)
 *(.exceptions.notirq.user)
 *(.exceptions.notirq)
 *(.exceptions.soft.user)
 *(.exceptions.soft)
 .exceptions.soft
                0x00000150       0x2c obj/default/FreeRTOS/port_asm.o
 *(.exceptions.unknown.user)
 *(.exceptions.unknown)
 *(.exceptions.exit.label)
 *(.exceptions.exit.user)
 *(.exceptions.exit)
 *(.exceptions)
 .exceptions    0x0000017c       0xcc ../a1_bsp/\libhal_bsp.a(alt_irq_handler.o)
                0x0000017c                alt_irq_handler
                0x00000248                PROVIDE (__ram_exceptions_end, ABSOLUTE (.))
                0x00000020                PROVIDE (__flash_exceptions_start, LOADADDR (.exceptions))

.text           0x00000248    0x15bc4
                0x00000248                PROVIDE (stext, ABSOLUTE (.))
 *(.interp)
 *(.hash)
 *(.dynsym)
 *(.dynstr)
 *(.gnu.version)
 *(.gnu.version_d)
 *(.gnu.version_r)
 *(.rel.init)
 *(.rela.init)
 *(.rel.text .rel.text.* .rel.gnu.linkonce.t.*)
 *(.rela.text .rela.text.* .rela.gnu.linkonce.t.*)
 *(.rel.fini)
 *(.rela.fini)
 *(.rel.rodata .rel.rodata.* .rel.gnu.linkonce.r.*)
 *(.rela.rodata .rela.rodata.* .rela.gnu.linkonce.r.*)
 *(.rel.data .rel.data.* .rel.gnu.linkonce.d.*)
 *(.rela.data .rela.data.* .rela.gnu.linkonce.d.*)
 *(.rel.tdata .rel.tdata.* .rel.gnu.linkonce.td.*)
 *(.rela.tdata .rela.tdata.* .rela.gnu.linkonce.td.*)
 *(.rel.tbss .rel.tbss.* .rel.gnu.linkonce.tb.*)
 *(.rela.tbss .rela.tbss.* .rela.gnu.linkonce.tb.*)
 *(.rel.ctors)
 *(.rela.ctors)
 *(.rel.dtors)
 *(.rela.dtors)
 *(.rel.got)
 *(.rela.got)
 *(.rel.sdata .rel.sdata.* .rel.gnu.linkonce.s.*)
 *(.rela.sdata .rela.sdata.* .rela.gnu.linkonce.s.*)
 *(.rel.sbss .rel.sbss.* .rel.gnu.linkonce.sb.*)
 *(.rela.sbss .rela.sbss.* .rela.gnu.linkonce.sb.*)
 *(.rel.sdata2 .rel.sdata2.* .rel.gnu.linkonce.s2.*)
 *(.rela.sdata2 .rela.sdata2.* .rela.gnu.linkonce.s2.*)
 *(.rel.sbss2 .rel.sbss2.* .rel.gnu.linkonce.sb2.*)
 *(.rela.sbss2 .rela.sbss2.* .rela.gnu.linkonce.sb2.*)
 *(.rel.bss .rel.bss.* .rel.gnu.linkonce.b.*)
 *(.rela.bss .rela.bss.* .rela.gnu.linkonce.b.*)
 *(.rel.plt)
 *(.rela.plt)
 *(.rel.dyn)
 *(.init)
 *(.plt)
 *(.text .stub .text.* .gnu.linkonce.t.*)
 .text          0x00000248       0x48 ../a1_bsp//obj/HAL/src/crt0.o
                0x00000248                _start
 .text          0x00000290      0x60c obj/default/FreeRTOS/croutine.o
                0x00000290                xCoRoutineCreate
                0x000003d0                vCoRoutineAddToDelayedList
                0x00000694                vCoRoutineSchedule
                0x0000081c                xCoRoutineRemoveFromEventList
 .text          0x0000089c      0x720 obj/default/FreeRTOS/event_groups.o
                0x0000089c                xEventGroupCreate
                0x000008f0                xEventGroupSync
                0x00000a74                xEventGroupWaitBits
                0x00000c34                xEventGroupClearBits
                0x00000c9c                xEventGroupGetBitsFromISR
                0x00000cd8                xEventGroupSetBits
                0x00000e64                vEventGroupDelete
                0x00000ed4                vEventGroupSetBitsCallback
                0x00000f0c                vEventGroupClearBitsCallback
 .text          0x00000fbc      0x448 obj/default/FreeRTOS/heap.o
                0x00000fbc                pvPortMalloc
                0x00001150                vPortFree
                0x000011d0                xPortGetFreeHeapSize
                0x000011f0                vPortInitialiseBlocks
 .text          0x00001404      0x28c obj/default/FreeRTOS/list.o
                0x00001404                vListInitialise
                0x00001474                vListInitialiseItem
                0x0000149c                vListInsertEnd
                0x00001524                vListInsert
                0x000015f8                uxListRemove
 .text          0x00001690      0x434 obj/default/FreeRTOS/port.o
                0x00001690                vApplicationStackOverflowHook
                0x000016f4                pxPortInitialiseStack
                0x000017dc                xPortStartScheduler
                0x00001814                vPortEndScheduler
                0x000018c8                vPortSysTickHandler
                0x00001914                alt_irq_register
 .text          0x00001ac4     0x1134 obj/default/FreeRTOS/queue.o
                0x00001ac4                xQueueGenericReset
                0x00001bd8                xQueueGenericCreate
                0x00001cb4                xQueueCreateMutex
                0x00001d78                xQueueGiveMutexRecursive
                0x00001e0c                xQueueTakeMutexRecursive
                0x00001eb4                xQueueCreateCountingSemaphore
                0x00001f10                xQueueGenericSend
                0x000020c0                xQueueGenericSendFromISR
                0x000021a8                xQueueGiveFromISR
                0x00002280                xQueueGenericReceive
                0x000024ac                xQueueReceiveFromISR
                0x00002590                xQueuePeekFromISR
                0x00002610                uxQueueMessagesWaiting
                0x00002650                uxQueueSpacesAvailable
                0x000026a4                uxQueueMessagesWaitingFromISR
                0x000026d4                vQueueDelete
                0x00002a80                xQueueIsQueueEmptyFromISR
                0x00002b1c                xQueueIsQueueFullFromISR
                0x00002b64                vQueueWaitForMessageRestricted
 .text          0x00002bf8     0x1c94 obj/default/FreeRTOS/tasks.o
                0x00002bf8                xTaskGenericCreate
                0x00002dc0                vTaskDelete
                0x00002e98                vTaskDelay
                0x00002f10                vTaskStartScheduler
                0x00002fac                vTaskEndScheduler
                0x00002ff0                vTaskSuspendAll
                0x00003018                xTaskResumeAll
                0x00003168                xTaskGetTickCount
                0x00003190                xTaskGetTickCountFromISR
                0x000031bc                uxTaskGetNumberOfTasks
                0x000031dc                xTaskIncrementTick
                0x000033b8                vTaskSwitchContext
                0x000034e8                vTaskPlaceOnEventList
                0x00003548                vTaskPlaceOnUnorderedEventList
                0x000035bc                vTaskPlaceOnEventListRestricted
                0x0000361c                xTaskRemoveFromEventList
                0x00003704                xTaskRemoveFromUnorderedEventList
                0x000037d4                vTaskSetTimeOutState
                0x0000380c                xTaskCheckForTimeOut
                0x000038d0                vTaskMissedYield
                0x00003d50                uxTaskGetStackHighWaterMark
                0x00003e6c                xTaskGetCurrentTaskHandle
                0x00003e94                xTaskGetSchedulerState
                0x00003ee8                vTaskPriorityInherit
                0x00004018                xTaskPriorityDisinherit
                0x00004114                vTaskEnterCritical
                0x00004168                vTaskExitCritical
                0x000041d0                uxTaskResetEventItemValue
                0x00004214                pvTaskIncrementMutexHeldCount
                0x00004250                ulTaskNotifyTake
                0x00004328                xTaskNotifyWait
                0x00004434                xTaskNotify
                0x000045bc                xTaskNotifyFromISR
                0x0000477c                vTaskNotifyGiveFromISR
 .text          0x0000488c      0x8b0 obj/default/FreeRTOS/timers.o
                0x0000488c                xTimerCreateTimerTask
                0x000048fc                xTimerCreate
                0x000049ac                xTimerGenericCommand
                0x00004a74                pcTimerGetTimerName
                0x000050c0                xTimerIsTimerActive
                0x0000510c                pvTimerGetTimerID
 .text          0x0000513c       0xe4 obj/default/hello_world.o
                0x0000513c                push_button_irq
                0x00005194                main
 .text          0x00005220        0x0 obj/default/FreeRTOS/port_asm.o
 .text          0x00005220       0x74 c:/altera/13.0/nios2eds/bin/gnu/h-i686-mingw32/bin/../lib/gcc/nios2-elf/4.1.2/../../../../nios2-elf/lib\libc.a(lib_a-memcmp.o)
                0x00005220                memcmp
 .text          0x00005294       0xa0 c:/altera/13.0/nios2eds/bin/gnu/h-i686-mingw32/bin/../lib/gcc/nios2-elf/4.1.2/../../../../nios2-elf/lib\libc.a(lib_a-memcpy.o)
                0x00005294                memcpy
 .text          0x00005334       0x98 c:/altera/13.0/nios2eds/bin/gnu/h-i686-mingw32/bin/../lib/gcc/nios2-elf/4.1.2/../../../../nios2-elf/lib\libc.a(lib_a-memset.o)
                0x00005334                memset
 .text          0x000053cc       0x78 c:/altera/13.0/nios2eds/bin/gnu/h-i686-mingw32/bin/../lib/gcc/nios2-elf/4.1.2/../../../../nios2-elf/lib\libc.a(lib_a-printf.o)
                0x000053cc                printf
                0x00005410                _printf_r
 .text          0x00005444       0xb4 c:/altera/13.0/nios2eds/bin/gnu/h-i686-mingw32/bin/../lib/gcc/nios2-elf/4.1.2/../../../../nios2-elf/lib\libc.a(lib_a-puts.o)
                0x00005444                _puts_r
                0x000054e4                puts
 .text          0x000054f8       0x74 c:/altera/13.0/nios2eds/bin/gnu/h-i686-mingw32/bin/../lib/gcc/nios2-elf/4.1.2/../../../../nios2-elf/lib\libc.a(lib_a-strlen.o)
                0x000054f8                strlen
 .text          0x0000556c     0x1f28 c:/altera/13.0/nios2eds/bin/gnu/h-i686-mingw32/bin/../lib/gcc/nios2-elf/4.1.2/../../../../nios2-elf/lib\libc.a(lib_a-vfprintf.o)
                0x000055c4                ___vfprintf_internal_r
                0x00007470                __vfprintf_internal
 .text          0x00007494      0x13c c:/altera/13.0/nios2eds/bin/gnu/h-i686-mingw32/bin/../lib/gcc/nios2-elf/4.1.2/../../../../nios2-elf/lib\libc.a(lib_a-wsetup.o)
                0x00007494                __swsetup_r
 .text          0x000075d0     0x17cc c:/altera/13.0/nios2eds/bin/gnu/h-i686-mingw32/bin/../lib/gcc/nios2-elf/4.1.2/../../../../nios2-elf/lib\libc.a(lib_a-dtoa.o)
                0x000077e8                _dtoa_r
 .text          0x00008d9c      0x230 c:/altera/13.0/nios2eds/bin/gnu/h-i686-mingw32/bin/../lib/gcc/nios2-elf/4.1.2/../../../../nios2-elf/lib\libc.a(lib_a-fflush.o)
                0x00008d9c                _fflush_r
                0x00008f98                fflush
 .text          0x00008fcc      0x2c0 c:/altera/13.0/nios2eds/bin/gnu/h-i686-mingw32/bin/../lib/gcc/nios2-elf/4.1.2/../../../../nios2-elf/lib\libc.a(lib_a-findfp.o)
                0x00009024                __sfp_lock_acquire
                0x00009028                __sfp_lock_release
                0x0000902c                __sinit_lock_acquire
                0x00009030                __sinit_lock_release
                0x00009034                __sinit
                0x000090e8                __fp_unlock_all
                0x00009100                __fp_lock_all
                0x00009118                _cleanup_r
                0x00009124                _cleanup
                0x00009134                __sfmoreglue
                0x0000919c                __sfp
 .text          0x0000928c      0x440 c:/altera/13.0/nios2eds/bin/gnu/h-i686-mingw32/bin/../lib/gcc/nios2-elf/4.1.2/../../../../nios2-elf/lib\libc.a(lib_a-freer.o)
                0x0000928c                _malloc_trim_r
                0x000093b8                _free_r
 .text          0x000096cc      0x49c c:/altera/13.0/nios2eds/bin/gnu/h-i686-mingw32/bin/../lib/gcc/nios2-elf/4.1.2/../../../../nios2-elf/lib\libc.a(lib_a-fvwrite.o)
                0x000096cc                __sfvwrite_r
 .text          0x00009b68      0x180 c:/altera/13.0/nios2eds/bin/gnu/h-i686-mingw32/bin/../lib/gcc/nios2-elf/4.1.2/../../../../nios2-elf/lib\libc.a(lib_a-fwalk.o)
                0x00009b68                _fwalk_reent
                0x00009c30                _fwalk
 .text          0x00009ce8        0x0 c:/altera/13.0/nios2eds/bin/gnu/h-i686-mingw32/bin/../lib/gcc/nios2-elf/4.1.2/../../../../nios2-elf/lib\libc.a(lib_a-impure.o)
 .text          0x00009ce8       0xc4 c:/altera/13.0/nios2eds/bin/gnu/h-i686-mingw32/bin/../lib/gcc/nios2-elf/4.1.2/../../../../nios2-elf/lib\libc.a(lib_a-locale.o)
                0x00009ce8                __locale_charset
                0x00009cf0                _localeconv_r
                0x00009cfc                localeconv
                0x00009d0c                _setlocale_r
                0x00009d90                setlocale
 .text          0x00009dac      0x194 c:/altera/13.0/nios2eds/bin/gnu/h-i686-mingw32/bin/../lib/gcc/nios2-elf/4.1.2/../../../../nios2-elf/lib\libc.a(lib_a-makebuf.o)
                0x00009dac                __smakebuf_r
 .text          0x00009f40      0x740 c:/altera/13.0/nios2eds/bin/gnu/h-i686-mingw32/bin/../lib/gcc/nios2-elf/4.1.2/../../../../nios2-elf/lib\libc.a(lib_a-mallocr.o)
                0x00009f40                _malloc_r
 .text          0x0000a680       0xe4 c:/altera/13.0/nios2eds/bin/gnu/h-i686-mingw32/bin/../lib/gcc/nios2-elf/4.1.2/../../../../nios2-elf/lib\libc.a(lib_a-memchr.o)
                0x0000a680                memchr
 .text          0x0000a764       0xe0 c:/altera/13.0/nios2eds/bin/gnu/h-i686-mingw32/bin/../lib/gcc/nios2-elf/4.1.2/../../../../nios2-elf/lib\libc.a(lib_a-memmove.o)
                0x0000a764                memmove
 .text          0x0000a844      0xff4 c:/altera/13.0/nios2eds/bin/gnu/h-i686-mingw32/bin/../lib/gcc/nios2-elf/4.1.2/../../../../nios2-elf/lib\libc.a(lib_a-mprec.o)
                0x0000a844                _Bfree
                0x0000a86c                __hi0bits
                0x0000a8dc                __lo0bits
                0x0000a9a0                __mcmp
                0x0000aa00                __ulp
                0x0000aa80                __b2d
                0x0000aba0                __ratio
                0x0000ac50                _mprec_log10
                0x0000ace4                __copybits
                0x0000ad3c                __any_on
                0x0000adc4                _Balloc
                0x0000ae80                __d2b
                0x0000affc                __mdiff
                0x0000b188                __lshift
                0x0000b2d4                __multiply
                0x0000b4bc                __i2b
                0x0000b4f8                __multadd
                0x0000b5f8                __pow5mult
                0x0000b718                __s2b
 .text          0x0000b838      0x5f4 c:/altera/13.0/nios2eds/bin/gnu/h-i686-mingw32/bin/../lib/gcc/nios2-elf/4.1.2/../../../../nios2-elf/lib\libc.a(lib_a-reallocr.o)
                0x0000b838                _realloc_r
 .text          0x0000be2c       0x40 c:/altera/13.0/nios2eds/bin/gnu/h-i686-mingw32/bin/../lib/gcc/nios2-elf/4.1.2/../../../../nios2-elf/lib\libc.a(lib_a-s_isinfd.o)
                0x0000be2c                __isinfd
 .text          0x0000be6c       0x30 c:/altera/13.0/nios2eds/bin/gnu/h-i686-mingw32/bin/../lib/gcc/nios2-elf/4.1.2/../../../../nios2-elf/lib\libc.a(lib_a-s_isnand.o)
                0x0000be6c                __isnand
 .text          0x0000be9c       0x70 c:/altera/13.0/nios2eds/bin/gnu/h-i686-mingw32/bin/../lib/gcc/nios2-elf/4.1.2/../../../../nios2-elf/lib\libc.a(lib_a-sbrkr.o)
                0x0000be9c                _sbrk_r
 .text          0x0000bf0c      0x14c c:/altera/13.0/nios2eds/bin/gnu/h-i686-mingw32/bin/../lib/gcc/nios2-elf/4.1.2/../../../../nios2-elf/lib\libc.a(lib_a-stdio.o)
                0x0000bf0c                __sclose
                0x0000bf14                __sseek
                0x0000bf7c                __swrite
                0x0000bff8                __sread
 .text          0x0000c058       0xbc c:/altera/13.0/nios2eds/bin/gnu/h-i686-mingw32/bin/../lib/gcc/nios2-elf/4.1.2/../../../../nios2-elf/lib\libc.a(lib_a-strcmp.o)
                0x0000c058                strcmp
 .text          0x0000c114       0x78 c:/altera/13.0/nios2eds/bin/gnu/h-i686-mingw32/bin/../lib/gcc/nios2-elf/4.1.2/../../../../nios2-elf/lib\libc.a(lib_a-writer.o)
                0x0000c114                _write_r
 .text          0x0000c18c       0xb4 c:/altera/13.0/nios2eds/bin/gnu/h-i686-mingw32/bin/../lib/gcc/nios2-elf/4.1.2/../../../../nios2-elf/lib\libc.a(lib_a-callocr.o)
                0x0000c18c                _calloc_r
 .text          0x0000c240       0x70 c:/altera/13.0/nios2eds/bin/gnu/h-i686-mingw32/bin/../lib/gcc/nios2-elf/4.1.2/../../../../nios2-elf/lib\libc.a(lib_a-closer.o)
                0x0000c240                _close_r
 .text          0x0000c2b0      0x124 c:/altera/13.0/nios2eds/bin/gnu/h-i686-mingw32/bin/../lib/gcc/nios2-elf/4.1.2/../../../../nios2-elf/lib\libc.a(lib_a-fclose.o)
                0x0000c2b0                _fclose_r
                0x0000c3c0                fclose
 .text          0x0000c3d4       0x74 c:/altera/13.0/nios2eds/bin/gnu/h-i686-mingw32/bin/../lib/gcc/nios2-elf/4.1.2/../../../../nios2-elf/lib\libc.a(lib_a-fstatr.o)
                0x0000c3d4                _fstat_r
 .text          0x0000c448        0x0 c:/altera/13.0/nios2eds/bin/gnu/h-i686-mingw32/bin/../lib/gcc/nios2-elf/4.1.2/../../../../nios2-elf/lib\libc.a(lib_a-int_errno.o)
 .text          0x0000c448       0x70 c:/altera/13.0/nios2eds/bin/gnu/h-i686-mingw32/bin/../lib/gcc/nios2-elf/4.1.2/../../../../nios2-elf/lib\libc.a(lib_a-isattyr.o)
                0x0000c448                _isatty_r
 .text          0x0000c4b8       0x78 c:/altera/13.0/nios2eds/bin/gnu/h-i686-mingw32/bin/../lib/gcc/nios2-elf/4.1.2/../../../../nios2-elf/lib\libc.a(lib_a-lseekr.o)
                0x0000c4b8                _lseek_r
 .text          0x0000c530       0x78 c:/altera/13.0/nios2eds/bin/gnu/h-i686-mingw32/bin/../lib/gcc/nios2-elf/4.1.2/../../../../nios2-elf/lib\libc.a(lib_a-readr.o)
                0x0000c530                _read_r
 .text          0x0000c5a8      0x5dc c:/altera/13.0/nios2eds/bin/gnu/h-i686-mingw32/bin/../lib/gcc/nios2-elf/4.1.2\libgcc.a(_udivdi3.o)
                0x0000c5a8                __udivdi3
 .text          0x0000cb84      0x5b0 c:/altera/13.0/nios2eds/bin/gnu/h-i686-mingw32/bin/../lib/gcc/nios2-elf/4.1.2\libgcc.a(_umoddi3.o)
                0x0000cb84                __umoddi3
 .text          0x0000d134      0x504 c:/altera/13.0/nios2eds/bin/gnu/h-i686-mingw32/bin/../lib/gcc/nios2-elf/4.1.2\libgcc.a(_addsub_df.o)
                0x0000d544                __subdf3
                0x0000d5c4                __adddf3
 .text          0x0000d638      0x3c4 c:/altera/13.0/nios2eds/bin/gnu/h-i686-mingw32/bin/../lib/gcc/nios2-elf/4.1.2\libgcc.a(_mul_df.o)
                0x0000d638                __muldf3
 .text          0x0000d9fc      0x258 c:/altera/13.0/nios2eds/bin/gnu/h-i686-mingw32/bin/../lib/gcc/nios2-elf/4.1.2\libgcc.a(_div_df.o)
                0x0000d9fc                __divdf3
 .text          0x0000dc54       0x88 c:/altera/13.0/nios2eds/bin/gnu/h-i686-mingw32/bin/../lib/gcc/nios2-elf/4.1.2\libgcc.a(_eq_df.o)
                0x0000dc54                __eqdf2
 .text          0x0000dcdc       0x88 c:/altera/13.0/nios2eds/bin/gnu/h-i686-mingw32/bin/../lib/gcc/nios2-elf/4.1.2\libgcc.a(_ne_df.o)
                0x0000dcdc                __nedf2
 .text          0x0000dd64       0x88 c:/altera/13.0/nios2eds/bin/gnu/h-i686-mingw32/bin/../lib/gcc/nios2-elf/4.1.2\libgcc.a(_gt_df.o)
                0x0000dd64                __gtdf2
 .text          0x0000ddec       0x88 c:/altera/13.0/nios2eds/bin/gnu/h-i686-mingw32/bin/../lib/gcc/nios2-elf/4.1.2\libgcc.a(_ge_df.o)
                0x0000ddec                __gedf2
 .text          0x0000de74       0x88 c:/altera/13.0/nios2eds/bin/gnu/h-i686-mingw32/bin/../lib/gcc/nios2-elf/4.1.2\libgcc.a(_lt_df.o)
                0x0000de74                __ltdf2
 .text          0x0000defc       0xf8 c:/altera/13.0/nios2eds/bin/gnu/h-i686-mingw32/bin/../lib/gcc/nios2-elf/4.1.2\libgcc.a(_si_to_df.o)
                0x0000defc                __floatsidf
 .text          0x0000dff4       0xd8 c:/altera/13.0/nios2eds/bin/gnu/h-i686-mingw32/bin/../lib/gcc/nios2-elf/4.1.2\libgcc.a(_df_to_si.o)
                0x0000dff4                __fixdfsi
 .text          0x0000e0cc        0x0 c:/altera/13.0/nios2eds/bin/gnu/h-i686-mingw32/bin/../lib/gcc/nios2-elf/4.1.2\libgcc.a(_thenan_df.o)
 .text          0x0000e0cc      0x194 c:/altera/13.0/nios2eds/bin/gnu/h-i686-mingw32/bin/../lib/gcc/nios2-elf/4.1.2\libgcc.a(_usi_to_df.o)
                0x0000e0cc                __floatunsidf
 .text          0x0000e260      0x14c c:/altera/13.0/nios2eds/bin/gnu/h-i686-mingw32/bin/../lib/gcc/nios2-elf/4.1.2\libgcc.a(lib2-divmod.o)
                0x0000e2dc                __divsi3
                0x0000e33c                __modsi3
                0x0000e39c                __udivsi3
                0x0000e3a4                __umodsi3
 .text          0x0000e3ac       0x98 c:/altera/13.0/nios2eds/bin/gnu/h-i686-mingw32/bin/../lib/gcc/nios2-elf/4.1.2\libgcc.a(_muldi3.o)
                0x0000e3ac                __muldi3
 .text          0x0000e444        0x0 c:/altera/13.0/nios2eds/bin/gnu/h-i686-mingw32/bin/../lib/gcc/nios2-elf/4.1.2\libgcc.a(_clz.o)
 .text          0x0000e444       0x80 c:/altera/13.0/nios2eds/bin/gnu/h-i686-mingw32/bin/../lib/gcc/nios2-elf/4.1.2\libgcc.a(_clzsi2.o)
                0x0000e444                __clzsi2
 .text          0x0000e4c4      0x314 c:/altera/13.0/nios2eds/bin/gnu/h-i686-mingw32/bin/../lib/gcc/nios2-elf/4.1.2\libgcc.a(_pack_df.o)
                0x0000e4c4                __pack_d
 .text          0x0000e7d8      0x138 c:/altera/13.0/nios2eds/bin/gnu/h-i686-mingw32/bin/../lib/gcc/nios2-elf/4.1.2\libgcc.a(_unpack_df.o)
                0x0000e7d8                __unpack_d
 .text          0x0000e910       0xc8 c:/altera/13.0/nios2eds/bin/gnu/h-i686-mingw32/bin/../lib/gcc/nios2-elf/4.1.2\libgcc.a(_fpcmp_parts_df.o)
                0x0000e910                __fpcmp_parts_d
 .text          0x0000e9d8      0x15c ../a1_bsp/\libhal_bsp.a(alt_close.o)
                0x0000e9d8                close
 .text          0x0000eb34       0x2c ../a1_bsp/\libhal_bsp.a(alt_dev.o)
 .text          0x0000eb60        0x0 ../a1_bsp/\libhal_bsp.a(alt_errno.o)
 .text          0x0000eb60      0x134 ../a1_bsp/\libhal_bsp.a(alt_fstat.o)
                0x0000eb60                fstat
 .text          0x0000ec94        0x0 ../a1_bsp/\libhal_bsp.a(alt_irq_handler.o)
 .text          0x0000ec94        0x0 ../a1_bsp/\libhal_bsp.a(alt_irq_vars.o)
 .text          0x0000ec94      0x120 ../a1_bsp/\libhal_bsp.a(alt_isatty.o)
                0x0000ec94                isatty
 .text          0x0000edb4      0x150 ../a1_bsp/\libhal_bsp.a(alt_lseek.o)
                0x0000edb4                lseek
 .text          0x0000ef04       0x6c ../a1_bsp/\libhal_bsp.a(alt_main.o)
                0x0000ef04                alt_main
 .text          0x0000ef70       0x40 ../a1_bsp/\libhal_bsp.a(alt_malloc_lock.o)
                0x0000ef70                __malloc_lock
                0x0000ef90                __malloc_unlock
 .text          0x0000efb0      0x180 ../a1_bsp/\libhal_bsp.a(alt_read.o)
                0x0000efb0                read
 .text          0x0000f130       0x60 ../a1_bsp/\libhal_bsp.a(alt_release_fd.o)
                0x0000f130                alt_release_fd
 .text          0x0000f190       0xbc ../a1_bsp/\libhal_bsp.a(alt_sbrk.o)
                0x0000f190                sbrk
 .text          0x0000f24c       0x30 ../a1_bsp/\libhal_bsp.a(alt_usleep.o)
                0x0000f24c                usleep
 .text          0x0000f27c      0x180 ../a1_bsp/\libhal_bsp.a(alt_write.o)
                0x0000f27c                write
 .text          0x0000f3fc      0x3d8 ../a1_bsp/\libhal_bsp.a(alt_sys_init.o)
                0x0000f3fc                alt_irq_init
                0x0000f430                alt_sys_init
 .text          0x0000f7d4      0x8d8 ../a1_bsp/\libhal_bsp.a(altera_avalon_cfi_flash.o)
                0x0000f7d4                alt_flash_cfi_init
                0x0000f8a8                alt_flash_cfi_write
                0x0000fb68                alt_flash_cfi_get_info
                0x0000fbf8                alt_flash_cfi_read
                0x0000fc60                alt_write_value_to_flash
                0x0000fdc4                alt_flash_program_block
 .text          0x000100ac     0x14a8 ../a1_bsp/\libhal_bsp.a(altera_avalon_cfi_flash_table.o)
                0x000100ac                alt_read_query_entry_8bit
                0x000100ec                alt_read_query_entry_16bit
                0x00010130                alt_read_query_entry_32bit
                0x00010178                alt_write_flash_command_8bit_device_8bit_mode
                0x000101b4                alt_write_flash_command_16bit_device_8bit_mode
                0x00010230                alt_write_flash_command_32bit_device_8bit_mode
                0x00010278                alt_write_flash_command_16bit_device_16bit_mode
                0x000102bc                alt_write_flash_command_32bit_device_16bit_mode
                0x00010304                alt_write_flash_command_32bit_device_32bit_mode
                0x0001034c                alt_write_native_8bit
                0x00010380                alt_write_native_16bit
                0x000103b4                alt_write_native_32bit
                0x000103e4                alt_set_flash_width_func
                0x000105c4                alt_set_flash_algorithm_func
                0x000106ec                alt_read_cfi_table
                0x00010ccc                alt_read_cfi_width
                0x00011478                alt_check_primary_table
 .text          0x00011554      0x148 ../a1_bsp/\libhal_bsp.a(altera_avalon_jtag_uart_fd.o)
                0x00011554                altera_avalon_jtag_uart_read_fd
                0x000115ac                altera_avalon_jtag_uart_write_fd
                0x00011604                altera_avalon_jtag_uart_close_fd
                0x0001164c                altera_avalon_jtag_uart_ioctl_fd
 .text          0x0001169c      0x408 ../a1_bsp/\libhal_bsp.a(altera_avalon_jtag_uart_init.o)
                0x0001169c                altera_avalon_jtag_uart_init
                0x00011a30                altera_avalon_jtag_uart_close
 .text          0x00011aa4       0xf4 ../a1_bsp/\libhal_bsp.a(altera_avalon_jtag_uart_ioctl.o)
                0x00011aa4                altera_avalon_jtag_uart_ioctl
 .text          0x00011b98      0x224 ../a1_bsp/\libhal_bsp.a(altera_avalon_jtag_uart_read.o)
                0x00011b98                altera_avalon_jtag_uart_read
 .text          0x00011dbc      0x240 ../a1_bsp/\libhal_bsp.a(altera_avalon_jtag_uart_write.o)
                0x00011dbc                altera_avalon_jtag_uart_write
 .text          0x00011ffc      0xee0 ../a1_bsp/\libhal_bsp.a(altera_avalon_lcd_16207.o)
                0x000127d0                altera_avalon_lcd_16207_write
                0x00012da0                altera_avalon_lcd_16207_init
 .text          0x00012edc       0x58 ../a1_bsp/\libhal_bsp.a(altera_avalon_lcd_16207_fd.o)
                0x00012edc                altera_avalon_lcd_16207_write_fd
 .text          0x00012f34       0xfc ../a1_bsp/\libhal_bsp.a(altera_avalon_timer_sc.o)
                0x00012fa8                alt_avalon_timer_sc_init
 .text          0x00013030       0xf8 ../a1_bsp/\libhal_bsp.a(altera_avalon_uart_fd.o)
                0x00013030                altera_avalon_uart_read_fd
                0x00013088                altera_avalon_uart_write_fd
                0x000130e0                altera_avalon_uart_close_fd
 .text          0x00013128      0x3fc ../a1_bsp/\libhal_bsp.a(altera_avalon_uart_init.o)
                0x00013128                altera_avalon_uart_init
                0x000134c4                altera_avalon_uart_close
 .text          0x00013524      0x290 ../a1_bsp/\libhal_bsp.a(altera_avalon_uart_read.o)
                0x00013524                altera_avalon_uart_read
 .text          0x000137b4      0x228 ../a1_bsp/\libhal_bsp.a(altera_avalon_uart_write.o)
                0x000137b4                altera_avalon_uart_write
 .text          0x000139dc      0x700 ../a1_bsp/\libhal_bsp.a(altera_up_avalon_ps2.o)
                0x000139dc                read_RI_bit
                0x00013a10                read_RE_bit
                0x00013a40                read_CE_bit
                0x00013a74                read_num_bytes_available
                0x00013aa8                read_data_valid
                0x00013adc                read_data_byte
                0x00013b08                alt_up_ps2_init
                0x00013bd4                alt_up_ps2_enable_read_interrupt
                0x00013c28                alt_up_ps2_disable_read_interrupt
                0x00013c80                alt_up_ps2_write_data_byte
                0x00013cf8                alt_up_ps2_wait_for_ack
                0x00013d68                alt_up_ps2_write_data_byte_with_ack
                0x00013dd4                alt_up_ps2_read_data_byte_timeout
                0x00013e84                alt_up_ps2_read_data_byte
                0x00013f00                alt_up_ps2_clear_fifo
                0x00013f58                alt_up_ps2_read_fd
                0x00013ff4                alt_up_ps2_write_fd
                0x0001409c                alt_up_ps2_open_dev
 .text          0x000140dc      0x304 ../a1_bsp/\libhal_bsp.a(altera_up_avalon_video_character_buffer_with_dma.o)
                0x000140dc                alt_up_char_buffer_init
                0x00014160                alt_up_char_buffer_open_dev
                0x000141a0                alt_up_char_buffer_draw
                0x00014270                alt_up_char_buffer_string
                0x00014384                alt_up_char_buffer_clear
 .text          0x000143e0      0x154 ../a1_bsp/\libhal_bsp.a(alt_alarm_start.o)
                0x000143e0                alt_alarm_start
 .text          0x00014534      0x12c ../a1_bsp/\libhal_bsp.a(alt_busy_sleep.o)
                0x00014534                alt_busy_sleep
 .text          0x00014660       0x78 ../a1_bsp/\libhal_bsp.a(alt_dcache_flush.o)
                0x00014660                alt_dcache_flush
 .text          0x000146d8      0x114 ../a1_bsp/\libhal_bsp.a(alt_dev_llist_insert.o)
                0x000146d8                alt_dev_llist_insert
 .text          0x000147ec       0x64 ../a1_bsp/\libhal_bsp.a(alt_do_ctors.o)
                0x000147ec                _do_ctors
 .text          0x00014850       0x64 ../a1_bsp/\libhal_bsp.a(alt_do_dtors.o)
                0x00014850                _do_dtors
 .text          0x000148b4       0x94 ../a1_bsp/\libhal_bsp.a(alt_find_dev.o)
                0x000148b4                alt_find_dev
 .text          0x00014948       0xd0 ../a1_bsp/\libhal_bsp.a(alt_flash_dev.o)
                0x00014948                alt_flash_open_dev
                0x000149c4                alt_flash_close_dev
 .text          0x00014a18      0x13c ../a1_bsp/\libhal_bsp.a(alt_io_redirect.o)
                0x00014adc                alt_io_redirect
 .text          0x00014b54      0x2c4 ../a1_bsp/\libhal_bsp.a(alt_open.o)
                0x00014c30                open
 .text          0x00014e18      0x1a4 ../a1_bsp/\libhal_bsp.a(alt_tick.o)
                0x00014e18                alt_alarm_stop
                0x00014eb0                alt_tick
 .text          0x00014fbc       0x20 ../a1_bsp/\libhal_bsp.a(altera_nios2_qsys_irq.o)
                0x00014fbc                altera_nios2_qsys_irq_init
 .text          0x00014fdc      0x460 ../a1_bsp/\libhal_bsp.a(altera_avalon_cfi_flash_amd.o)
                0x00014fdc                alt_program_amd
                0x00015044                alt_erase_block_amd
 .text          0x0001543c      0x460 ../a1_bsp/\libhal_bsp.a(altera_avalon_cfi_flash_intel.o)
                0x0001543c                alt_program_intel
                0x000154c0                alt_erase_block_intel
 .text          0x0001589c      0x120 ../a1_bsp/\libhal_bsp.a(alt_find_file.o)
                0x0001589c                alt_find_file
 .text          0x000159bc       0xb8 ../a1_bsp/\libhal_bsp.a(alt_get_fd.o)
                0x000159bc                alt_get_fd
 .text          0x00015a74       0x14 c:/altera/13.0/nios2eds/bin/gnu/h-i686-mingw32/bin/../lib/gcc/nios2-elf/4.1.2/../../../../nios2-elf/lib\libc.a(lib_a-atexit.o)
                0x00015a74                atexit
 .text          0x00015a88        0x0 c:/altera/13.0/nios2eds/bin/gnu/h-i686-mingw32/bin/../lib/gcc/nios2-elf/4.1.2/../../../../nios2-elf/lib\libc.a(lib_a-ctype_.o)
 .text          0x00015a88       0x38 c:/altera/13.0/nios2eds/bin/gnu/h-i686-mingw32/bin/../lib/gcc/nios2-elf/4.1.2/../../../../nios2-elf/lib\libc.a(lib_a-exit.o)
                0x00015a88                exit
 .text          0x00015ac0      0x134 c:/altera/13.0/nios2eds/bin/gnu/h-i686-mingw32/bin/../lib/gcc/nios2-elf/4.1.2/../../../../nios2-elf/lib\libc.a(lib_a-__atexit.o)
                0x00015ac0                __register_exitproc
 .text          0x00015bf4      0x1b4 c:/altera/13.0/nios2eds/bin/gnu/h-i686-mingw32/bin/../lib/gcc/nios2-elf/4.1.2/../../../../nios2-elf/lib\libc.a(lib_a-__call_atexit.o)
                0x00015bf8                __call_exitprocs
 .text          0x00015da8       0x60 ../a1_bsp/\libhal_bsp.a(alt_exit.o)
                0x00015de8                _exit
 *(.gnu.warning.*)
 *(.fini)
                0x00015e08                PROVIDE (__etext, ABSOLUTE (.))
                0x00015e08                PROVIDE (_etext, ABSOLUTE (.))
                0x00015e08                PROVIDE (etext, ABSOLUTE (.))
 *(.eh_frame_hdr)
                0x00015e08                . = ALIGN (0x4)
                0x00015e08                PROVIDE (__preinit_array_start, ABSOLUTE (.))
 *(.preinit_array)
                0x00015e08                PROVIDE (__preinit_array_end, ABSOLUTE (.))
                0x00015e08                PROVIDE (__init_array_start, ABSOLUTE (.))
 *(.init_array)
                0x00015e08                PROVIDE (__init_array_end, ABSOLUTE (.))
                0x00015e08                PROVIDE (__fini_array_start, ABSOLUTE (.))
 *(.fini_array)
                0x00015e08                PROVIDE (__fini_array_end, ABSOLUTE (.))
 *(.eh_frame)
 *(.gcc_except_table)
 *(.dynamic)
                0x00015e08                PROVIDE (__CTOR_LIST__, ABSOLUTE (.))
 *(.ctors)
 *(SORT(.ctors.*))
 .ctors.65535   0x00015e08        0x4 c:/altera/13.0/nios2eds/bin/gnu/h-i686-mingw32/bin/../lib/gcc/nios2-elf/4.1.2/../../../../nios2-elf/lib\libc.a(lib_a-__call_atexit.o)
                0x00015e0c                PROVIDE (__CTOR_END__, ABSOLUTE (.))
                0x00015e0c                PROVIDE (__DTOR_LIST__, ABSOLUTE (.))
 *(.dtors)
 *(SORT(.dtors.*))
                0x00015e0c                PROVIDE (__DTOR_END__, ABSOLUTE (.))
 *(.jcr)
                0x00015e0c                . = ALIGN (0x4)

.rodata         0x08000000      0x6e4
                0x08000000                PROVIDE (__ram_rodata_start, ABSOLUTE (.))
                0x08000000                . = ALIGN (0x4)
 *(.rodata .rodata.* .gnu.linkonce.r.*)
 .rodata        0x08000000       0x34 obj/default/FreeRTOS/port.o
 .rodata        0x08000034       0x1c obj/default/FreeRTOS/tasks.o
 .rodata        0x08000050        0x8 obj/default/FreeRTOS/timers.o
 .rodata        0x08000058       0x10 obj/default/hello_world.o
 .rodata.str1.4
                0x08000068        0x2 c:/altera/13.0/nios2eds/bin/gnu/h-i686-mingw32/bin/../lib/gcc/nios2-elf/4.1.2/../../../../nios2-elf/lib\libc.a(lib_a-puts.o)
                                  0x4 (size before relaxing)
 *fill*         0x0800006a        0x2 00
 .rodata.str1.4
                0x0800006c       0x5e c:/altera/13.0/nios2eds/bin/gnu/h-i686-mingw32/bin/../lib/gcc/nios2-elf/4.1.2/../../../../nios2-elf/lib\libc.a(lib_a-vfprintf.o)
                                 0x60 (size before relaxing)
 *fill*         0x080000ca        0x2 00
 .rodata        0x080000cc       0x20 c:/altera/13.0/nios2eds/bin/gnu/h-i686-mingw32/bin/../lib/gcc/nios2-elf/4.1.2/../../../../nios2-elf/lib\libc.a(lib_a-vfprintf.o)
 .rodata.str1.4
                0x080000ec       0x10 c:/altera/13.0/nios2eds/bin/gnu/h-i686-mingw32/bin/../lib/gcc/nios2-elf/4.1.2/../../../../nios2-elf/lib\libc.a(lib_a-dtoa.o)
                                 0x14 (size before relaxing)
 .rodata.str1.4
                0x080000fc        0x2 c:/altera/13.0/nios2eds/bin/gnu/h-i686-mingw32/bin/../lib/gcc/nios2-elf/4.1.2/../../../../nios2-elf/lib\libc.a(lib_a-impure.o)
                                  0x4 (size before relaxing)
 *fill*         0x080000fe        0x2 00
 .rodata.str1.4
                0x08000100       0x10 c:/altera/13.0/nios2eds/bin/gnu/h-i686-mingw32/bin/../lib/gcc/nios2-elf/4.1.2/../../../../nios2-elf/lib\libc.a(lib_a-locale.o)
                                 0x18 (size before relaxing)
 .rodata        0x08000110       0x30 c:/altera/13.0/nios2eds/bin/gnu/h-i686-mingw32/bin/../lib/gcc/nios2-elf/4.1.2/../../../../nios2-elf/lib\libc.a(lib_a-locale.o)
 .rodata        0x08000140      0x124 c:/altera/13.0/nios2eds/bin/gnu/h-i686-mingw32/bin/../lib/gcc/nios2-elf/4.1.2/../../../../nios2-elf/lib\libc.a(lib_a-mprec.o)
                0x08000140                __mprec_tens
                0x08000208                __mprec_bigtens
                0x08000230                __mprec_tinytens
 .rodata        0x08000264       0x14 c:/altera/13.0/nios2eds/bin/gnu/h-i686-mingw32/bin/../lib/gcc/nios2-elf/4.1.2\libgcc.a(_thenan_df.o)
                0x08000264                __thenan_df
 .rodata        0x08000278      0x100 c:/altera/13.0/nios2eds/bin/gnu/h-i686-mingw32/bin/../lib/gcc/nios2-elf/4.1.2\libgcc.a(_clz.o)
                0x08000278                __clz_tab
 .rodata        0x08000378        0xc ../a1_bsp/\libhal_bsp.a(alt_dev.o)
 .rodata        0x08000384       0x10 ../a1_bsp/\libhal_bsp.a(alt_main.o)
 .rodata        0x08000394       0xb0 ../a1_bsp/\libhal_bsp.a(alt_sys_init.o)
 .rodata        0x08000444       0x1c ../a1_bsp/\libhal_bsp.a(altera_up_avalon_video_character_buffer_with_dma.o)
 .rodata        0x08000460      0x284 c:/altera/13.0/nios2eds/bin/gnu/h-i686-mingw32/bin/../lib/gcc/nios2-elf/4.1.2/../../../../nios2-elf/lib\libc.a(lib_a-ctype_.o)
                0x08000460                _ctype_
 *(.rodata1)
                0x080006e4                . = ALIGN (0x4)
                0x080006e4                PROVIDE (__ram_rodata_end, ABSOLUTE (.))
                0x08000000                PROVIDE (__flash_rodata_start, LOADADDR (.rodata))

.rwdata         0x080006e4     0x1e0c
                0x080006e4                PROVIDE (__ram_rwdata_start, ABSOLUTE (.))
                0x080006e4                . = ALIGN (0x4)
 *(.got.plt)
 *(.got)
 *(.data1)
 *(.data .data.* .gnu.linkonce.d.*)
 .data          0x080006e4        0x0 ../a1_bsp//obj/HAL/src/crt0.o
 .data          0x080006e4        0x0 obj/default/FreeRTOS/croutine.o
 .data          0x080006e4        0x0 obj/default/FreeRTOS/event_groups.o
 .data          0x080006e4        0x0 obj/default/FreeRTOS/heap.o
 .data          0x080006e4        0x0 obj/default/FreeRTOS/list.o
 .data          0x080006e4        0x0 obj/default/FreeRTOS/port.o
 .data          0x080006e4        0x0 obj/default/FreeRTOS/queue.o
 .data          0x080006e4        0x0 obj/default/FreeRTOS/tasks.o
 .data          0x080006e4        0x0 obj/default/FreeRTOS/timers.o
 .data          0x080006e4        0x0 obj/default/hello_world.o
 .data          0x080006e4        0x0 obj/default/FreeRTOS/port_asm.o
 .data          0x080006e4        0x0 c:/altera/13.0/nios2eds/bin/gnu/h-i686-mingw32/bin/../lib/gcc/nios2-elf/4.1.2/../../../../nios2-elf/lib\libc.a(lib_a-memcmp.o)
 .data          0x080006e4        0x0 c:/altera/13.0/nios2eds/bin/gnu/h-i686-mingw32/bin/../lib/gcc/nios2-elf/4.1.2/../../../../nios2-elf/lib\libc.a(lib_a-memcpy.o)
 .data          0x080006e4        0x0 c:/altera/13.0/nios2eds/bin/gnu/h-i686-mingw32/bin/../lib/gcc/nios2-elf/4.1.2/../../../../nios2-elf/lib\libc.a(lib_a-memset.o)
 .data          0x080006e4        0x0 c:/altera/13.0/nios2eds/bin/gnu/h-i686-mingw32/bin/../lib/gcc/nios2-elf/4.1.2/../../../../nios2-elf/lib\libc.a(lib_a-printf.o)
 .data          0x080006e4        0x0 c:/altera/13.0/nios2eds/bin/gnu/h-i686-mingw32/bin/../lib/gcc/nios2-elf/4.1.2/../../../../nios2-elf/lib\libc.a(lib_a-puts.o)
 .data          0x080006e4        0x0 c:/altera/13.0/nios2eds/bin/gnu/h-i686-mingw32/bin/../lib/gcc/nios2-elf/4.1.2/../../../../nios2-elf/lib\libc.a(lib_a-strlen.o)
 .data          0x080006e4        0x0 c:/altera/13.0/nios2eds/bin/gnu/h-i686-mingw32/bin/../lib/gcc/nios2-elf/4.1.2/../../../../nios2-elf/lib\libc.a(lib_a-vfprintf.o)
 .data          0x080006e4        0x0 c:/altera/13.0/nios2eds/bin/gnu/h-i686-mingw32/bin/../lib/gcc/nios2-elf/4.1.2/../../../../nios2-elf/lib\libc.a(lib_a-wsetup.o)
 .data          0x080006e4        0x0 c:/altera/13.0/nios2eds/bin/gnu/h-i686-mingw32/bin/../lib/gcc/nios2-elf/4.1.2/../../../../nios2-elf/lib\libc.a(lib_a-dtoa.o)
 .data          0x080006e4        0x0 c:/altera/13.0/nios2eds/bin/gnu/h-i686-mingw32/bin/../lib/gcc/nios2-elf/4.1.2/../../../../nios2-elf/lib\libc.a(lib_a-fflush.o)
 .data          0x080006e4        0x0 c:/altera/13.0/nios2eds/bin/gnu/h-i686-mingw32/bin/../lib/gcc/nios2-elf/4.1.2/../../../../nios2-elf/lib\libc.a(lib_a-findfp.o)
 .data          0x080006e4        0x0 c:/altera/13.0/nios2eds/bin/gnu/h-i686-mingw32/bin/../lib/gcc/nios2-elf/4.1.2/../../../../nios2-elf/lib\libc.a(lib_a-freer.o)
 .data          0x080006e4        0x0 c:/altera/13.0/nios2eds/bin/gnu/h-i686-mingw32/bin/../lib/gcc/nios2-elf/4.1.2/../../../../nios2-elf/lib\libc.a(lib_a-fvwrite.o)
 .data          0x080006e4        0x0 c:/altera/13.0/nios2eds/bin/gnu/h-i686-mingw32/bin/../lib/gcc/nios2-elf/4.1.2/../../../../nios2-elf/lib\libc.a(lib_a-fwalk.o)
 .data          0x080006e4      0x400 c:/altera/13.0/nios2eds/bin/gnu/h-i686-mingw32/bin/../lib/gcc/nios2-elf/4.1.2/../../../../nios2-elf/lib\libc.a(lib_a-impure.o)
 .data          0x08000ae4        0xc c:/altera/13.0/nios2eds/bin/gnu/h-i686-mingw32/bin/../lib/gcc/nios2-elf/4.1.2/../../../../nios2-elf/lib\libc.a(lib_a-locale.o)
                0x08000ae4                __lc_ctype
 .data          0x08000af0        0x0 c:/altera/13.0/nios2eds/bin/gnu/h-i686-mingw32/bin/../lib/gcc/nios2-elf/4.1.2/../../../../nios2-elf/lib\libc.a(lib_a-makebuf.o)
 .data          0x08000af0      0x408 c:/altera/13.0/nios2eds/bin/gnu/h-i686-mingw32/bin/../lib/gcc/nios2-elf/4.1.2/../../../../nios2-elf/lib\libc.a(lib_a-mallocr.o)
                0x08000af0                __malloc_av_
 .data          0x08000ef8        0x0 c:/altera/13.0/nios2eds/bin/gnu/h-i686-mingw32/bin/../lib/gcc/nios2-elf/4.1.2/../../../../nios2-elf/lib\libc.a(lib_a-memchr.o)
 .data          0x08000ef8        0x0 c:/altera/13.0/nios2eds/bin/gnu/h-i686-mingw32/bin/../lib/gcc/nios2-elf/4.1.2/../../../../nios2-elf/lib\libc.a(lib_a-memmove.o)
 .data          0x08000ef8        0x0 c:/altera/13.0/nios2eds/bin/gnu/h-i686-mingw32/bin/../lib/gcc/nios2-elf/4.1.2/../../../../nios2-elf/lib\libc.a(lib_a-mprec.o)
 .data          0x08000ef8        0x0 c:/altera/13.0/nios2eds/bin/gnu/h-i686-mingw32/bin/../lib/gcc/nios2-elf/4.1.2/../../../../nios2-elf/lib\libc.a(lib_a-reallocr.o)
 .data          0x08000ef8        0x0 c:/altera/13.0/nios2eds/bin/gnu/h-i686-mingw32/bin/../lib/gcc/nios2-elf/4.1.2/../../../../nios2-elf/lib\libc.a(lib_a-s_isinfd.o)
 .data          0x08000ef8        0x0 c:/altera/13.0/nios2eds/bin/gnu/h-i686-mingw32/bin/../lib/gcc/nios2-elf/4.1.2/../../../../nios2-elf/lib\libc.a(lib_a-s_isnand.o)
 .data          0x08000ef8        0x0 c:/altera/13.0/nios2eds/bin/gnu/h-i686-mingw32/bin/../lib/gcc/nios2-elf/4.1.2/../../../../nios2-elf/lib\libc.a(lib_a-sbrkr.o)
 .data          0x08000ef8        0x0 c:/altera/13.0/nios2eds/bin/gnu/h-i686-mingw32/bin/../lib/gcc/nios2-elf/4.1.2/../../../../nios2-elf/lib\libc.a(lib_a-stdio.o)
 .data          0x08000ef8        0x0 c:/altera/13.0/nios2eds/bin/gnu/h-i686-mingw32/bin/../lib/gcc/nios2-elf/4.1.2/../../../../nios2-elf/lib\libc.a(lib_a-strcmp.o)
 .data          0x08000ef8        0x0 c:/altera/13.0/nios2eds/bin/gnu/h-i686-mingw32/bin/../lib/gcc/nios2-elf/4.1.2/../../../../nios2-elf/lib\libc.a(lib_a-writer.o)
 .data          0x08000ef8        0x0 c:/altera/13.0/nios2eds/bin/gnu/h-i686-mingw32/bin/../lib/gcc/nios2-elf/4.1.2/../../../../nios2-elf/lib\libc.a(lib_a-callocr.o)
 .data          0x08000ef8        0x0 c:/altera/13.0/nios2eds/bin/gnu/h-i686-mingw32/bin/../lib/gcc/nios2-elf/4.1.2/../../../../nios2-elf/lib\libc.a(lib_a-closer.o)
 .data          0x08000ef8        0x0 c:/altera/13.0/nios2eds/bin/gnu/h-i686-mingw32/bin/../lib/gcc/nios2-elf/4.1.2/../../../../nios2-elf/lib\libc.a(lib_a-fclose.o)
 .data          0x08000ef8        0x0 c:/altera/13.0/nios2eds/bin/gnu/h-i686-mingw32/bin/../lib/gcc/nios2-elf/4.1.2/../../../../nios2-elf/lib\libc.a(lib_a-fstatr.o)
 .data          0x08000ef8        0x0 c:/altera/13.0/nios2eds/bin/gnu/h-i686-mingw32/bin/../lib/gcc/nios2-elf/4.1.2/../../../../nios2-elf/lib\libc.a(lib_a-int_errno.o)
 .data          0x08000ef8        0x0 c:/altera/13.0/nios2eds/bin/gnu/h-i686-mingw32/bin/../lib/gcc/nios2-elf/4.1.2/../../../../nios2-elf/lib\libc.a(lib_a-isattyr.o)
 .data          0x08000ef8        0x0 c:/altera/13.0/nios2eds/bin/gnu/h-i686-mingw32/bin/../lib/gcc/nios2-elf/4.1.2/../../../../nios2-elf/lib\libc.a(lib_a-lseekr.o)
 .data          0x08000ef8        0x0 c:/altera/13.0/nios2eds/bin/gnu/h-i686-mingw32/bin/../lib/gcc/nios2-elf/4.1.2/../../../../nios2-elf/lib\libc.a(lib_a-readr.o)
 .data          0x08000ef8        0x0 c:/altera/13.0/nios2eds/bin/gnu/h-i686-mingw32/bin/../lib/gcc/nios2-elf/4.1.2\libgcc.a(_udivdi3.o)
 .data          0x08000ef8        0x0 c:/altera/13.0/nios2eds/bin/gnu/h-i686-mingw32/bin/../lib/gcc/nios2-elf/4.1.2\libgcc.a(_umoddi3.o)
 .data          0x08000ef8        0x0 c:/altera/13.0/nios2eds/bin/gnu/h-i686-mingw32/bin/../lib/gcc/nios2-elf/4.1.2\libgcc.a(_addsub_df.o)
 .data          0x08000ef8        0x0 c:/altera/13.0/nios2eds/bin/gnu/h-i686-mingw32/bin/../lib/gcc/nios2-elf/4.1.2\libgcc.a(_mul_df.o)
 .data          0x08000ef8        0x0 c:/altera/13.0/nios2eds/bin/gnu/h-i686-mingw32/bin/../lib/gcc/nios2-elf/4.1.2\libgcc.a(_div_df.o)
 .data          0x08000ef8        0x0 c:/altera/13.0/nios2eds/bin/gnu/h-i686-mingw32/bin/../lib/gcc/nios2-elf/4.1.2\libgcc.a(_eq_df.o)
 .data          0x08000ef8        0x0 c:/altera/13.0/nios2eds/bin/gnu/h-i686-mingw32/bin/../lib/gcc/nios2-elf/4.1.2\libgcc.a(_ne_df.o)
 .data          0x08000ef8        0x0 c:/altera/13.0/nios2eds/bin/gnu/h-i686-mingw32/bin/../lib/gcc/nios2-elf/4.1.2\libgcc.a(_gt_df.o)
 .data          0x08000ef8        0x0 c:/altera/13.0/nios2eds/bin/gnu/h-i686-mingw32/bin/../lib/gcc/nios2-elf/4.1.2\libgcc.a(_ge_df.o)
 .data          0x08000ef8        0x0 c:/altera/13.0/nios2eds/bin/gnu/h-i686-mingw32/bin/../lib/gcc/nios2-elf/4.1.2\libgcc.a(_lt_df.o)
 .data          0x08000ef8        0x0 c:/altera/13.0/nios2eds/bin/gnu/h-i686-mingw32/bin/../lib/gcc/nios2-elf/4.1.2\libgcc.a(_si_to_df.o)
 .data          0x08000ef8        0x0 c:/altera/13.0/nios2eds/bin/gnu/h-i686-mingw32/bin/../lib/gcc/nios2-elf/4.1.2\libgcc.a(_df_to_si.o)
 .data          0x08000ef8        0x0 c:/altera/13.0/nios2eds/bin/gnu/h-i686-mingw32/bin/../lib/gcc/nios2-elf/4.1.2\libgcc.a(_thenan_df.o)
 .data          0x08000ef8        0x0 c:/altera/13.0/nios2eds/bin/gnu/h-i686-mingw32/bin/../lib/gcc/nios2-elf/4.1.2\libgcc.a(_usi_to_df.o)
 .data          0x08000ef8        0x0 c:/altera/13.0/nios2eds/bin/gnu/h-i686-mingw32/bin/../lib/gcc/nios2-elf/4.1.2\libgcc.a(lib2-divmod.o)
 .data          0x08000ef8        0x0 c:/altera/13.0/nios2eds/bin/gnu/h-i686-mingw32/bin/../lib/gcc/nios2-elf/4.1.2\libgcc.a(_muldi3.o)
 .data          0x08000ef8        0x0 c:/altera/13.0/nios2eds/bin/gnu/h-i686-mingw32/bin/../lib/gcc/nios2-elf/4.1.2\libgcc.a(_clz.o)
 .data          0x08000ef8        0x0 c:/altera/13.0/nios2eds/bin/gnu/h-i686-mingw32/bin/../lib/gcc/nios2-elf/4.1.2\libgcc.a(_clzsi2.o)
 .data          0x08000ef8        0x0 c:/altera/13.0/nios2eds/bin/gnu/h-i686-mingw32/bin/../lib/gcc/nios2-elf/4.1.2\libgcc.a(_pack_df.o)
 .data          0x08000ef8        0x0 c:/altera/13.0/nios2eds/bin/gnu/h-i686-mingw32/bin/../lib/gcc/nios2-elf/4.1.2\libgcc.a(_unpack_df.o)
 .data          0x08000ef8        0x0 c:/altera/13.0/nios2eds/bin/gnu/h-i686-mingw32/bin/../lib/gcc/nios2-elf/4.1.2\libgcc.a(_fpcmp_parts_df.o)
 .data          0x08000ef8        0x0 ../a1_bsp/\libhal_bsp.a(alt_close.o)
 .data          0x08000ef8      0x1a8 ../a1_bsp/\libhal_bsp.a(alt_dev.o)
                0x08000ef8                alt_dev_null
                0x08000f20                alt_fd_list
 .data          0x080010a0        0x0 ../a1_bsp/\libhal_bsp.a(alt_errno.o)
 .data          0x080010a0        0x0 ../a1_bsp/\libhal_bsp.a(alt_fstat.o)
 .data          0x080010a0        0x0 ../a1_bsp/\libhal_bsp.a(alt_irq_handler.o)
 .data          0x080010a0        0x0 ../a1_bsp/\libhal_bsp.a(alt_irq_vars.o)
 .data          0x080010a0        0x0 ../a1_bsp/\libhal_bsp.a(alt_isatty.o)
 .data          0x080010a0        0x0 ../a1_bsp/\libhal_bsp.a(alt_lseek.o)
 .data          0x080010a0        0x0 ../a1_bsp/\libhal_bsp.a(alt_main.o)
 .data          0x080010a0        0x0 ../a1_bsp/\libhal_bsp.a(alt_malloc_lock.o)
 .data          0x080010a0        0x0 ../a1_bsp/\libhal_bsp.a(alt_read.o)
 .data          0x080010a0        0x0 ../a1_bsp/\libhal_bsp.a(alt_release_fd.o)
 .data          0x080010a0        0x0 ../a1_bsp/\libhal_bsp.a(alt_sbrk.o)
 .data          0x080010a0        0x0 ../a1_bsp/\libhal_bsp.a(alt_usleep.o)
 .data          0x080010a0        0x0 ../a1_bsp/\libhal_bsp.a(alt_write.o)
 .data          0x080010a0     0x13f0 ../a1_bsp/\libhal_bsp.a(alt_sys_init.o)
 .data          0x08002490        0x0 ../a1_bsp/\libhal_bsp.a(altera_avalon_cfi_flash.o)
 .data          0x08002490        0x0 ../a1_bsp/\libhal_bsp.a(altera_avalon_cfi_flash_table.o)
 .data          0x08002490        0x0 ../a1_bsp/\libhal_bsp.a(altera_avalon_jtag_uart_fd.o)
 .data          0x08002490        0x0 ../a1_bsp/\libhal_bsp.a(altera_avalon_jtag_uart_init.o)
 .data          0x08002490        0x0 ../a1_bsp/\libhal_bsp.a(altera_avalon_jtag_uart_ioctl.o)
 .data          0x08002490        0x0 ../a1_bsp/\libhal_bsp.a(altera_avalon_jtag_uart_read.o)
 .data          0x08002490        0x0 ../a1_bsp/\libhal_bsp.a(altera_avalon_jtag_uart_write.o)
 .data          0x08002490        0x0 ../a1_bsp/\libhal_bsp.a(altera_avalon_lcd_16207.o)
 .data          0x08002490        0x0 ../a1_bsp/\libhal_bsp.a(altera_avalon_lcd_16207_fd.o)
 .data          0x08002490        0x0 ../a1_bsp/\libhal_bsp.a(altera_avalon_timer_sc.o)
 .data          0x08002490        0x0 ../a1_bsp/\libhal_bsp.a(altera_avalon_uart_fd.o)
 .data          0x08002490        0x0 ../a1_bsp/\libhal_bsp.a(altera_avalon_uart_init.o)
 .data          0x08002490        0x0 ../a1_bsp/\libhal_bsp.a(altera_avalon_uart_read.o)
 .data          0x08002490        0x0 ../a1_bsp/\libhal_bsp.a(altera_avalon_uart_write.o)
 .data          0x08002490        0x0 ../a1_bsp/\libhal_bsp.a(altera_up_avalon_ps2.o)
 .data          0x08002490        0x0 ../a1_bsp/\libhal_bsp.a(altera_up_avalon_video_character_buffer_with_dma.o)
 .data          0x08002490        0x0 ../a1_bsp/\libhal_bsp.a(alt_alarm_start.o)
 .data          0x08002490        0x0 ../a1_bsp/\libhal_bsp.a(alt_busy_sleep.o)
 .data          0x08002490        0x0 ../a1_bsp/\libhal_bsp.a(alt_dcache_flush.o)
 .data          0x08002490        0x0 ../a1_bsp/\libhal_bsp.a(alt_dev_llist_insert.o)
 .data          0x08002490        0x0 ../a1_bsp/\libhal_bsp.a(alt_do_ctors.o)
 .data          0x08002490        0x0 ../a1_bsp/\libhal_bsp.a(alt_do_dtors.o)
 .data          0x08002490        0x0 ../a1_bsp/\libhal_bsp.a(alt_find_dev.o)
 .data          0x08002490        0x0 ../a1_bsp/\libhal_bsp.a(alt_flash_dev.o)
 .data          0x08002490        0x0 ../a1_bsp/\libhal_bsp.a(alt_io_redirect.o)
 .data          0x08002490        0x0 ../a1_bsp/\libhal_bsp.a(alt_open.o)
 .data          0x08002490        0x0 ../a1_bsp/\libhal_bsp.a(alt_tick.o)
 .data          0x08002490        0x0 ../a1_bsp/\libhal_bsp.a(altera_nios2_qsys_irq.o)
 .data          0x08002490        0x0 ../a1_bsp/\libhal_bsp.a(altera_avalon_cfi_flash_amd.o)
 .data          0x08002490        0x0 ../a1_bsp/\libhal_bsp.a(altera_avalon_cfi_flash_intel.o)
 .data          0x08002490        0x0 ../a1_bsp/\libhal_bsp.a(alt_find_file.o)
 .data          0x08002490        0x0 ../a1_bsp/\libhal_bsp.a(alt_get_fd.o)
 .data          0x08002490        0x0 c:/altera/13.0/nios2eds/bin/gnu/h-i686-mingw32/bin/../lib/gcc/nios2-elf/4.1.2/../../../../nios2-elf/lib\libc.a(lib_a-atexit.o)
 .data          0x08002490        0x0 c:/altera/13.0/nios2eds/bin/gnu/h-i686-mingw32/bin/../lib/gcc/nios2-elf/4.1.2/../../../../nios2-elf/lib\libc.a(lib_a-ctype_.o)
 .data          0x08002490        0x0 c:/altera/13.0/nios2eds/bin/gnu/h-i686-mingw32/bin/../lib/gcc/nios2-elf/4.1.2/../../../../nios2-elf/lib\libc.a(lib_a-exit.o)
 .data          0x08002490        0x0 c:/altera/13.0/nios2eds/bin/gnu/h-i686-mingw32/bin/../lib/gcc/nios2-elf/4.1.2/../../../../nios2-elf/lib\libc.a(lib_a-__atexit.o)
 .data          0x08002490        0x0 c:/altera/13.0/nios2eds/bin/gnu/h-i686-mingw32/bin/../lib/gcc/nios2-elf/4.1.2/../../../../nios2-elf/lib\libc.a(lib_a-__call_atexit.o)
 .data          0x08002490        0x0 ../a1_bsp/\libhal_bsp.a(alt_exit.o)
                0x0800a490                _gp = ABSOLUTE ((. + 0x8000))
                0x0800a490                PROVIDE (gp, _gp)
 *(.rwdata .rwdata.*)
 *(.sdata .sdata.* .gnu.linkonce.s.*)
 .sdata         0x08002490        0xc obj/default/FreeRTOS/heap.o
 .sdata         0x0800249c        0x4 obj/default/FreeRTOS/tasks.o
 .sdata         0x080024a0        0x8 c:/altera/13.0/nios2eds/bin/gnu/h-i686-mingw32/bin/../lib/gcc/nios2-elf/4.1.2/../../../../nios2-elf/lib\libc.a(lib_a-impure.o)
                0x080024a0                _impure_ptr
                0x080024a4                _global_impure_ptr
 .sdata         0x080024a8        0x8 c:/altera/13.0/nios2eds/bin/gnu/h-i686-mingw32/bin/../lib/gcc/nios2-elf/4.1.2/../../../../nios2-elf/lib\libc.a(lib_a-locale.o)
                0x080024a8                __mb_cur_max
 .sdata         0x080024b0        0x8 c:/altera/13.0/nios2eds/bin/gnu/h-i686-mingw32/bin/../lib/gcc/nios2-elf/4.1.2/../../../../nios2-elf/lib\libc.a(lib_a-mallocr.o)
                0x080024b0                __malloc_trim_threshold
                0x080024b4                __malloc_sbrk_base
 .sdata         0x080024b8       0x14 ../a1_bsp/\libhal_bsp.a(alt_dev.o)
                0x080024b8                alt_fs_list
                0x080024c0                alt_dev_list
                0x080024c8                alt_max_fd
 .sdata         0x080024cc        0x4 ../a1_bsp/\libhal_bsp.a(alt_errno.o)
                0x080024cc                alt_errno
 .sdata         0x080024d0        0x4 ../a1_bsp/\libhal_bsp.a(alt_irq_vars.o)
                0x080024d0                alt_priority_mask
 .sdata         0x080024d4        0x4 ../a1_bsp/\libhal_bsp.a(alt_sbrk.o)
 .sdata         0x080024d8        0x4 ../a1_bsp/\libhal_bsp.a(altera_avalon_lcd_16207.o)
 .sdata         0x080024dc        0x8 ../a1_bsp/\libhal_bsp.a(alt_flash_dev.o)
                0x080024dc                alt_flash_dev_list
 .sdata         0x080024e4        0x8 ../a1_bsp/\libhal_bsp.a(alt_tick.o)
                0x080024e4                alt_alarm_list
 .sdata         0x080024ec        0x4 c:/altera/13.0/nios2eds/bin/gnu/h-i686-mingw32/bin/../lib/gcc/nios2-elf/4.1.2/../../../../nios2-elf/lib\libc.a(lib_a-ctype_.o)
                0x080024ec                __ctype_ptr
 *(.sdata2 .sdata2.* .gnu.linkonce.s2.*)
                0x080024f0                . = ALIGN (0x4)
                0x080024f0                _edata = ABSOLUTE (.)
                0x080024f0                PROVIDE (edata, ABSOLUTE (.))
                0x080024f0                PROVIDE (__ram_rwdata_end, ABSOLUTE (.))
                0x080006e4                PROVIDE (__flash_rwdata_start, LOADADDR (.rwdata))

.bss            0x080024f0    0x7d524
                0x080024f0                __bss_start = ABSOLUTE (.)
                0x080024f0                PROVIDE (__sbss_start, ABSOLUTE (.))
                0x080024f0                PROVIDE (___sbss_start, ABSOLUTE (.))
 *(.dynsbss)
 *(.sbss .sbss.* .gnu.linkonce.sb.*)
 .sbss          0x080024f0       0x1c obj/default/FreeRTOS/croutine.o
                0x080024f0                pxCurrentCoRoutine
 .sbss          0x0800250c        0xc obj/default/FreeRTOS/heap.o
 .sbss          0x08002518       0x34 obj/default/FreeRTOS/tasks.o
                0x08002518                pxCurrentTCB
 .sbss          0x0800254c       0x10 obj/default/FreeRTOS/timers.o
 .sbss          0x0800255c        0xc c:/altera/13.0/nios2eds/bin/gnu/h-i686-mingw32/bin/../lib/gcc/nios2-elf/4.1.2/../../../../nios2-elf/lib\libc.a(lib_a-locale.o)
                0x0800255c                __nlocale_changed
                0x08002560                __mlocale_changed
                0x08002564                _PathLocale
 .sbss          0x08002568        0xc c:/altera/13.0/nios2eds/bin/gnu/h-i686-mingw32/bin/../lib/gcc/nios2-elf/4.1.2/../../../../nios2-elf/lib\libc.a(lib_a-mallocr.o)
                0x08002568                __malloc_top_pad
                0x0800256c                __malloc_max_sbrked_mem
                0x08002570                __malloc_max_total_mem
 .sbss          0x08002574        0x4 c:/altera/13.0/nios2eds/bin/gnu/h-i686-mingw32/bin/../lib/gcc/nios2-elf/4.1.2/../../../../nios2-elf/lib\libc.a(lib_a-int_errno.o)
                0x08002574                errno
 .sbss          0x08002578        0x4 ../a1_bsp/\libhal_bsp.a(alt_irq_vars.o)
                0x08002578                alt_irq_active
 .sbss          0x0800257c        0xc ../a1_bsp/\libhal_bsp.a(alt_main.o)
                0x0800257c                alt_argc
                0x08002580                alt_argv
                0x08002584                alt_envp
 .sbss          0x08002588        0x8 ../a1_bsp/\libhal_bsp.a(alt_tick.o)
                0x08002588                _alt_tick_rate
                0x0800258c                _alt_nticks
 *(.sbss2 .sbss2.* .gnu.linkonce.sb2.*)
 *(.scommon)
                0x08002590                PROVIDE (__sbss_end, ABSOLUTE (.))
                0x08002590                PROVIDE (___sbss_end, ABSOLUTE (.))
 *(.dynbss)
 *(.bss .bss.* .gnu.linkonce.b.*)
 .bss           0x08002590        0x0 ../a1_bsp//obj/HAL/src/crt0.o
 .bss           0x08002590       0x64 obj/default/FreeRTOS/croutine.o
 .bss           0x080025f4        0x0 obj/default/FreeRTOS/event_groups.o
 .bss           0x080025f4    0x7d000 obj/default/FreeRTOS/heap.o
 .bss           0x0807f5f4        0x0 obj/default/FreeRTOS/list.o
 .bss           0x0807f5f4        0x0 obj/default/FreeRTOS/port.o
 .bss           0x0807f5f4        0x0 obj/default/FreeRTOS/queue.o
 .bss           0x0807f5f4      0x140 obj/default/FreeRTOS/tasks.o
 .bss           0x0807f734       0x28 obj/default/FreeRTOS/timers.o
 .bss           0x0807f75c        0x0 obj/default/hello_world.o
 .bss           0x0807f75c        0x0 obj/default/FreeRTOS/port_asm.o
 .bss           0x0807f75c        0x0 c:/altera/13.0/nios2eds/bin/gnu/h-i686-mingw32/bin/../lib/gcc/nios2-elf/4.1.2/../../../../nios2-elf/lib\libc.a(lib_a-memcmp.o)
 .bss           0x0807f75c        0x0 c:/altera/13.0/nios2eds/bin/gnu/h-i686-mingw32/bin/../lib/gcc/nios2-elf/4.1.2/../../../../nios2-elf/lib\libc.a(lib_a-memcpy.o)
 .bss           0x0807f75c        0x0 c:/altera/13.0/nios2eds/bin/gnu/h-i686-mingw32/bin/../lib/gcc/nios2-elf/4.1.2/../../../../nios2-elf/lib\libc.a(lib_a-memset.o)
 .bss           0x0807f75c        0x0 c:/altera/13.0/nios2eds/bin/gnu/h-i686-mingw32/bin/../lib/gcc/nios2-elf/4.1.2/../../../../nios2-elf/lib\libc.a(lib_a-printf.o)
 .bss           0x0807f75c        0x0 c:/altera/13.0/nios2eds/bin/gnu/h-i686-mingw32/bin/../lib/gcc/nios2-elf/4.1.2/../../../../nios2-elf/lib\libc.a(lib_a-puts.o)
 .bss           0x0807f75c        0x0 c:/altera/13.0/nios2eds/bin/gnu/h-i686-mingw32/bin/../lib/gcc/nios2-elf/4.1.2/../../../../nios2-elf/lib\libc.a(lib_a-strlen.o)
 .bss           0x0807f75c        0x0 c:/altera/13.0/nios2eds/bin/gnu/h-i686-mingw32/bin/../lib/gcc/nios2-elf/4.1.2/../../../../nios2-elf/lib\libc.a(lib_a-vfprintf.o)
 .bss           0x0807f75c        0x0 c:/altera/13.0/nios2eds/bin/gnu/h-i686-mingw32/bin/../lib/gcc/nios2-elf/4.1.2/../../../../nios2-elf/lib\libc.a(lib_a-wsetup.o)
 .bss           0x0807f75c        0x0 c:/altera/13.0/nios2eds/bin/gnu/h-i686-mingw32/bin/../lib/gcc/nios2-elf/4.1.2/../../../../nios2-elf/lib\libc.a(lib_a-dtoa.o)
 .bss           0x0807f75c        0x0 c:/altera/13.0/nios2eds/bin/gnu/h-i686-mingw32/bin/../lib/gcc/nios2-elf/4.1.2/../../../../nios2-elf/lib\libc.a(lib_a-fflush.o)
 .bss           0x0807f75c        0x0 c:/altera/13.0/nios2eds/bin/gnu/h-i686-mingw32/bin/../lib/gcc/nios2-elf/4.1.2/../../../../nios2-elf/lib\libc.a(lib_a-findfp.o)
 .bss           0x0807f75c        0x0 c:/altera/13.0/nios2eds/bin/gnu/h-i686-mingw32/bin/../lib/gcc/nios2-elf/4.1.2/../../../../nios2-elf/lib\libc.a(lib_a-freer.o)
 .bss           0x0807f75c        0x0 c:/altera/13.0/nios2eds/bin/gnu/h-i686-mingw32/bin/../lib/gcc/nios2-elf/4.1.2/../../../../nios2-elf/lib\libc.a(lib_a-fvwrite.o)
 .bss           0x0807f75c        0x0 c:/altera/13.0/nios2eds/bin/gnu/h-i686-mingw32/bin/../lib/gcc/nios2-elf/4.1.2/../../../../nios2-elf/lib\libc.a(lib_a-fwalk.o)
 .bss           0x0807f75c        0x0 c:/altera/13.0/nios2eds/bin/gnu/h-i686-mingw32/bin/../lib/gcc/nios2-elf/4.1.2/../../../../nios2-elf/lib\libc.a(lib_a-impure.o)
 .bss           0x0807f75c        0x0 c:/altera/13.0/nios2eds/bin/gnu/h-i686-mingw32/bin/../lib/gcc/nios2-elf/4.1.2/../../../../nios2-elf/lib\libc.a(lib_a-locale.o)
 .bss           0x0807f75c        0x0 c:/altera/13.0/nios2eds/bin/gnu/h-i686-mingw32/bin/../lib/gcc/nios2-elf/4.1.2/../../../../nios2-elf/lib\libc.a(lib_a-makebuf.o)
 .bss           0x0807f75c       0x28 c:/altera/13.0/nios2eds/bin/gnu/h-i686-mingw32/bin/../lib/gcc/nios2-elf/4.1.2/../../../../nios2-elf/lib\libc.a(lib_a-mallocr.o)
                0x0807f75c                __malloc_current_mallinfo
 .bss           0x0807f784        0x0 c:/altera/13.0/nios2eds/bin/gnu/h-i686-mingw32/bin/../lib/gcc/nios2-elf/4.1.2/../../../../nios2-elf/lib\libc.a(lib_a-memchr.o)
 .bss           0x0807f784        0x0 c:/altera/13.0/nios2eds/bin/gnu/h-i686-mingw32/bin/../lib/gcc/nios2-elf/4.1.2/../../../../nios2-elf/lib\libc.a(lib_a-memmove.o)
 .bss           0x0807f784        0x0 c:/altera/13.0/nios2eds/bin/gnu/h-i686-mingw32/bin/../lib/gcc/nios2-elf/4.1.2/../../../../nios2-elf/lib\libc.a(lib_a-mprec.o)
 .bss           0x0807f784        0x0 c:/altera/13.0/nios2eds/bin/gnu/h-i686-mingw32/bin/../lib/gcc/nios2-elf/4.1.2/../../../../nios2-elf/lib\libc.a(lib_a-reallocr.o)
 .bss           0x0807f784        0x0 c:/altera/13.0/nios2eds/bin/gnu/h-i686-mingw32/bin/../lib/gcc/nios2-elf/4.1.2/../../../../nios2-elf/lib\libc.a(lib_a-s_isinfd.o)
 .bss           0x0807f784        0x0 c:/altera/13.0/nios2eds/bin/gnu/h-i686-mingw32/bin/../lib/gcc/nios2-elf/4.1.2/../../../../nios2-elf/lib\libc.a(lib_a-s_isnand.o)
 .bss           0x0807f784        0x0 c:/altera/13.0/nios2eds/bin/gnu/h-i686-mingw32/bin/../lib/gcc/nios2-elf/4.1.2/../../../../nios2-elf/lib\libc.a(lib_a-sbrkr.o)
 .bss           0x0807f784        0x0 c:/altera/13.0/nios2eds/bin/gnu/h-i686-mingw32/bin/../lib/gcc/nios2-elf/4.1.2/../../../../nios2-elf/lib\libc.a(lib_a-stdio.o)
 .bss           0x0807f784        0x0 c:/altera/13.0/nios2eds/bin/gnu/h-i686-mingw32/bin/../lib/gcc/nios2-elf/4.1.2/../../../../nios2-elf/lib\libc.a(lib_a-strcmp.o)
 .bss           0x0807f784        0x0 c:/altera/13.0/nios2eds/bin/gnu/h-i686-mingw32/bin/../lib/gcc/nios2-elf/4.1.2/../../../../nios2-elf/lib\libc.a(lib_a-writer.o)
 .bss           0x0807f784        0x0 c:/altera/13.0/nios2eds/bin/gnu/h-i686-mingw32/bin/../lib/gcc/nios2-elf/4.1.2/../../../../nios2-elf/lib\libc.a(lib_a-callocr.o)
 .bss           0x0807f784        0x0 c:/altera/13.0/nios2eds/bin/gnu/h-i686-mingw32/bin/../lib/gcc/nios2-elf/4.1.2/../../../../nios2-elf/lib\libc.a(lib_a-closer.o)
 .bss           0x0807f784        0x0 c:/altera/13.0/nios2eds/bin/gnu/h-i686-mingw32/bin/../lib/gcc/nios2-elf/4.1.2/../../../../nios2-elf/lib\libc.a(lib_a-fclose.o)
 .bss           0x0807f784        0x0 c:/altera/13.0/nios2eds/bin/gnu/h-i686-mingw32/bin/../lib/gcc/nios2-elf/4.1.2/../../../../nios2-elf/lib\libc.a(lib_a-fstatr.o)
 .bss           0x0807f784        0x0 c:/altera/13.0/nios2eds/bin/gnu/h-i686-mingw32/bin/../lib/gcc/nios2-elf/4.1.2/../../../../nios2-elf/lib\libc.a(lib_a-int_errno.o)
 .bss           0x0807f784        0x0 c:/altera/13.0/nios2eds/bin/gnu/h-i686-mingw32/bin/../lib/gcc/nios2-elf/4.1.2/../../../../nios2-elf/lib\libc.a(lib_a-isattyr.o)
 .bss           0x0807f784        0x0 c:/altera/13.0/nios2eds/bin/gnu/h-i686-mingw32/bin/../lib/gcc/nios2-elf/4.1.2/../../../../nios2-elf/lib\libc.a(lib_a-lseekr.o)
 .bss           0x0807f784        0x0 c:/altera/13.0/nios2eds/bin/gnu/h-i686-mingw32/bin/../lib/gcc/nios2-elf/4.1.2/../../../../nios2-elf/lib\libc.a(lib_a-readr.o)
 .bss           0x0807f784        0x0 c:/altera/13.0/nios2eds/bin/gnu/h-i686-mingw32/bin/../lib/gcc/nios2-elf/4.1.2\libgcc.a(_udivdi3.o)
 .bss           0x0807f784        0x0 c:/altera/13.0/nios2eds/bin/gnu/h-i686-mingw32/bin/../lib/gcc/nios2-elf/4.1.2\libgcc.a(_umoddi3.o)
 .bss           0x0807f784        0x0 c:/altera/13.0/nios2eds/bin/gnu/h-i686-mingw32/bin/../lib/gcc/nios2-elf/4.1.2\libgcc.a(_addsub_df.o)
 .bss           0x0807f784        0x0 c:/altera/13.0/nios2eds/bin/gnu/h-i686-mingw32/bin/../lib/gcc/nios2-elf/4.1.2\libgcc.a(_mul_df.o)
 .bss           0x0807f784        0x0 c:/altera/13.0/nios2eds/bin/gnu/h-i686-mingw32/bin/../lib/gcc/nios2-elf/4.1.2\libgcc.a(_div_df.o)
 .bss           0x0807f784        0x0 c:/altera/13.0/nios2eds/bin/gnu/h-i686-mingw32/bin/../lib/gcc/nios2-elf/4.1.2\libgcc.a(_eq_df.o)
 .bss           0x0807f784        0x0 c:/altera/13.0/nios2eds/bin/gnu/h-i686-mingw32/bin/../lib/gcc/nios2-elf/4.1.2\libgcc.a(_ne_df.o)
 .bss           0x0807f784        0x0 c:/altera/13.0/nios2eds/bin/gnu/h-i686-mingw32/bin/../lib/gcc/nios2-elf/4.1.2\libgcc.a(_gt_df.o)
 .bss           0x0807f784        0x0 c:/altera/13.0/nios2eds/bin/gnu/h-i686-mingw32/bin/../lib/gcc/nios2-elf/4.1.2\libgcc.a(_ge_df.o)
 .bss           0x0807f784        0x0 c:/altera/13.0/nios2eds/bin/gnu/h-i686-mingw32/bin/../lib/gcc/nios2-elf/4.1.2\libgcc.a(_lt_df.o)
 .bss           0x0807f784        0x0 c:/altera/13.0/nios2eds/bin/gnu/h-i686-mingw32/bin/../lib/gcc/nios2-elf/4.1.2\libgcc.a(_si_to_df.o)
 .bss           0x0807f784        0x0 c:/altera/13.0/nios2eds/bin/gnu/h-i686-mingw32/bin/../lib/gcc/nios2-elf/4.1.2\libgcc.a(_df_to_si.o)
 .bss           0x0807f784        0x0 c:/altera/13.0/nios2eds/bin/gnu/h-i686-mingw32/bin/../lib/gcc/nios2-elf/4.1.2\libgcc.a(_thenan_df.o)
 .bss           0x0807f784        0x0 c:/altera/13.0/nios2eds/bin/gnu/h-i686-mingw32/bin/../lib/gcc/nios2-elf/4.1.2\libgcc.a(_usi_to_df.o)
 .bss           0x0807f784        0x0 c:/altera/13.0/nios2eds/bin/gnu/h-i686-mingw32/bin/../lib/gcc/nios2-elf/4.1.2\libgcc.a(lib2-divmod.o)
 .bss           0x0807f784        0x0 c:/altera/13.0/nios2eds/bin/gnu/h-i686-mingw32/bin/../lib/gcc/nios2-elf/4.1.2\libgcc.a(_muldi3.o)
 .bss           0x0807f784        0x0 c:/altera/13.0/nios2eds/bin/gnu/h-i686-mingw32/bin/../lib/gcc/nios2-elf/4.1.2\libgcc.a(_clz.o)
 .bss           0x0807f784        0x0 c:/altera/13.0/nios2eds/bin/gnu/h-i686-mingw32/bin/../lib/gcc/nios2-elf/4.1.2\libgcc.a(_clzsi2.o)
 .bss           0x0807f784        0x0 c:/altera/13.0/nios2eds/bin/gnu/h-i686-mingw32/bin/../lib/gcc/nios2-elf/4.1.2\libgcc.a(_pack_df.o)
 .bss           0x0807f784        0x0 c:/altera/13.0/nios2eds/bin/gnu/h-i686-mingw32/bin/../lib/gcc/nios2-elf/4.1.2\libgcc.a(_unpack_df.o)
 .bss           0x0807f784        0x0 c:/altera/13.0/nios2eds/bin/gnu/h-i686-mingw32/bin/../lib/gcc/nios2-elf/4.1.2\libgcc.a(_fpcmp_parts_df.o)
 .bss           0x0807f784        0x0 ../a1_bsp/\libhal_bsp.a(alt_close.o)
 .bss           0x0807f784        0x0 ../a1_bsp/\libhal_bsp.a(alt_dev.o)
 .bss           0x0807f784        0x0 ../a1_bsp/\libhal_bsp.a(alt_errno.o)
 .bss           0x0807f784        0x0 ../a1_bsp/\libhal_bsp.a(alt_fstat.o)
 .bss           0x0807f784        0x0 ../a1_bsp/\libhal_bsp.a(alt_irq_handler.o)
 .bss           0x0807f784        0x0 ../a1_bsp/\libhal_bsp.a(alt_irq_vars.o)
 .bss           0x0807f784        0x0 ../a1_bsp/\libhal_bsp.a(alt_isatty.o)
 .bss           0x0807f784        0x0 ../a1_bsp/\libhal_bsp.a(alt_lseek.o)
 .bss           0x0807f784        0x0 ../a1_bsp/\libhal_bsp.a(alt_main.o)
 .bss           0x0807f784        0x0 ../a1_bsp/\libhal_bsp.a(alt_malloc_lock.o)
 .bss           0x0807f784        0x0 ../a1_bsp/\libhal_bsp.a(alt_read.o)
 .bss           0x0807f784        0x0 ../a1_bsp/\libhal_bsp.a(alt_release_fd.o)
 .bss           0x0807f784        0x0 ../a1_bsp/\libhal_bsp.a(alt_sbrk.o)
 .bss           0x0807f784        0x0 ../a1_bsp/\libhal_bsp.a(alt_usleep.o)
 .bss           0x0807f784        0x0 ../a1_bsp/\libhal_bsp.a(alt_write.o)
 .bss           0x0807f784        0x0 ../a1_bsp/\libhal_bsp.a(alt_sys_init.o)
 .bss           0x0807f784        0x0 ../a1_bsp/\libhal_bsp.a(altera_avalon_cfi_flash.o)
 .bss           0x0807f784        0x0 ../a1_bsp/\libhal_bsp.a(altera_avalon_cfi_flash_table.o)
 .bss           0x0807f784        0x0 ../a1_bsp/\libhal_bsp.a(altera_avalon_jtag_uart_fd.o)
 .bss           0x0807f784        0x0 ../a1_bsp/\libhal_bsp.a(altera_avalon_jtag_uart_init.o)
 .bss           0x0807f784        0x0 ../a1_bsp/\libhal_bsp.a(altera_avalon_jtag_uart_ioctl.o)
 .bss           0x0807f784        0x0 ../a1_bsp/\libhal_bsp.a(altera_avalon_jtag_uart_read.o)
 .bss           0x0807f784        0x0 ../a1_bsp/\libhal_bsp.a(altera_avalon_jtag_uart_write.o)
 .bss           0x0807f784        0x0 ../a1_bsp/\libhal_bsp.a(altera_avalon_lcd_16207.o)
 .bss           0x0807f784        0x0 ../a1_bsp/\libhal_bsp.a(altera_avalon_lcd_16207_fd.o)
 .bss           0x0807f784        0x0 ../a1_bsp/\libhal_bsp.a(altera_avalon_timer_sc.o)
 .bss           0x0807f784        0x0 ../a1_bsp/\libhal_bsp.a(altera_avalon_uart_fd.o)
 .bss           0x0807f784        0x0 ../a1_bsp/\libhal_bsp.a(altera_avalon_uart_init.o)
 .bss           0x0807f784        0x0 ../a1_bsp/\libhal_bsp.a(altera_avalon_uart_read.o)
 .bss           0x0807f784        0x0 ../a1_bsp/\libhal_bsp.a(altera_avalon_uart_write.o)
 .bss           0x0807f784        0x0 ../a1_bsp/\libhal_bsp.a(altera_up_avalon_ps2.o)
 .bss           0x0807f784        0x0 ../a1_bsp/\libhal_bsp.a(altera_up_avalon_video_character_buffer_with_dma.o)
 .bss           0x0807f784        0x0 ../a1_bsp/\libhal_bsp.a(alt_alarm_start.o)
 .bss           0x0807f784        0x0 ../a1_bsp/\libhal_bsp.a(alt_busy_sleep.o)
 .bss           0x0807f784        0x0 ../a1_bsp/\libhal_bsp.a(alt_dcache_flush.o)
 .bss           0x0807f784        0x0 ../a1_bsp/\libhal_bsp.a(alt_dev_llist_insert.o)
 .bss           0x0807f784        0x0 ../a1_bsp/\libhal_bsp.a(alt_do_ctors.o)
 .bss           0x0807f784        0x0 ../a1_bsp/\libhal_bsp.a(alt_do_dtors.o)
 .bss           0x0807f784        0x0 ../a1_bsp/\libhal_bsp.a(alt_find_dev.o)
 .bss           0x0807f784        0x0 ../a1_bsp/\libhal_bsp.a(alt_flash_dev.o)
 .bss           0x0807f784        0x0 ../a1_bsp/\libhal_bsp.a(alt_io_redirect.o)
 .bss           0x0807f784        0x0 ../a1_bsp/\libhal_bsp.a(alt_open.o)
 .bss           0x0807f784        0x0 ../a1_bsp/\libhal_bsp.a(alt_tick.o)
 .bss           0x0807f784        0x0 ../a1_bsp/\libhal_bsp.a(altera_nios2_qsys_irq.o)
 .bss           0x0807f784        0x0 ../a1_bsp/\libhal_bsp.a(altera_avalon_cfi_flash_amd.o)
 .bss           0x0807f784        0x0 ../a1_bsp/\libhal_bsp.a(altera_avalon_cfi_flash_intel.o)
 .bss           0x0807f784        0x0 ../a1_bsp/\libhal_bsp.a(alt_find_file.o)
 .bss           0x0807f784        0x0 ../a1_bsp/\libhal_bsp.a(alt_get_fd.o)
 .bss           0x0807f784        0x0 c:/altera/13.0/nios2eds/bin/gnu/h-i686-mingw32/bin/../lib/gcc/nios2-elf/4.1.2/../../../../nios2-elf/lib\libc.a(lib_a-atexit.o)
 .bss           0x0807f784        0x0 c:/altera/13.0/nios2eds/bin/gnu/h-i686-mingw32/bin/../lib/gcc/nios2-elf/4.1.2/../../../../nios2-elf/lib\libc.a(lib_a-ctype_.o)
 .bss           0x0807f784        0x0 c:/altera/13.0/nios2eds/bin/gnu/h-i686-mingw32/bin/../lib/gcc/nios2-elf/4.1.2/../../../../nios2-elf/lib\libc.a(lib_a-exit.o)
 .bss           0x0807f784        0x0 c:/altera/13.0/nios2eds/bin/gnu/h-i686-mingw32/bin/../lib/gcc/nios2-elf/4.1.2/../../../../nios2-elf/lib\libc.a(lib_a-__atexit.o)
 .bss           0x0807f784        0x0 c:/altera/13.0/nios2eds/bin/gnu/h-i686-mingw32/bin/../lib/gcc/nios2-elf/4.1.2/../../../../nios2-elf/lib\libc.a(lib_a-__call_atexit.o)
 .bss           0x0807f784        0x0 ../a1_bsp/\libhal_bsp.a(alt_exit.o)
 *(COMMON)
 COMMON         0x0807f784      0x100 ../a1_bsp/\libhal_bsp.a(alt_irq_handler.o)
                0x0807f784                alt_irq
 COMMON         0x0807f884      0x190 c:/altera/13.0/nios2eds/bin/gnu/h-i686-mingw32/bin/../lib/gcc/nios2-elf/4.1.2/../../../../nios2-elf/lib\libc.a(lib_a-atexit.o)
                0x0807f884                _atexit0
                0x0807fa14                . = ALIGN (0x4)
                0x0807fa14                __bss_end = ABSOLUTE (.)

.onchip_memory  0x00015e0c        0x0
                0x00015e0c                PROVIDE (_alt_partition_onchip_memory_start, ABSOLUTE (.))
 *(.onchip_memory. onchip_memory.*)
                0x00015e0c                . = ALIGN (0x4)
                0x00015e0c                PROVIDE (_alt_partition_onchip_memory_end, ABSOLUTE (.))
                0x00015e0c                PROVIDE (_alt_partition_onchip_memory_load_addr, LOADADDR (.onchip_memory))

.flash_controller
                0x01000020        0x0
                0x01000020                PROVIDE (_alt_partition_flash_controller_start, ABSOLUTE (.))
 *(.flash_controller. flash_controller.*)
                0x01000020                . = ALIGN (0x4)
                0x01000020                PROVIDE (_alt_partition_flash_controller_end, ABSOLUTE (.))
                0x01000020                PROVIDE (_alt_partition_flash_controller_load_addr, LOADADDR (.flash_controller))

.sdram          0x0807fa14        0x0
                0x0807fa14                PROVIDE (_alt_partition_sdram_start, ABSOLUTE (.))
 *(.sdram. sdram.*)
                0x0807fa14                . = ALIGN (0x4)
                0x0807fa14                PROVIDE (_alt_partition_sdram_end, ABSOLUTE (.))
                0x0807fa14                _end = ABSOLUTE (.)
                0x0807fa14                end = ABSOLUTE (.)
                0x0807fa14                __alt_stack_base = ABSOLUTE (.)
                0x0807fa14                PROVIDE (_alt_partition_sdram_load_addr, LOADADDR (.sdram))

.stab
 *(.stab)

.stabstr
 *(.stabstr)

.stab.excl
 *(.stab.excl)

.stab.exclstr
 *(.stab.exclstr)

.stab.index
 *(.stab.index)

.stab.indexstr
 *(.stab.indexstr)

.comment        0x00000000       0x23
 *(.comment)
 .comment       0x00000000       0x23 obj/default/FreeRTOS/croutine.o
                                 0x24 (size before relaxing)
 .comment       0x00000000       0x24 obj/default/FreeRTOS/event_groups.o
 .comment       0x00000000       0x24 obj/default/FreeRTOS/heap.o
 .comment       0x00000000       0x24 obj/default/FreeRTOS/list.o
 .comment       0x00000000       0x24 obj/default/FreeRTOS/port.o
 .comment       0x00000000       0x24 obj/default/FreeRTOS/queue.o
 .comment       0x00000000       0x24 obj/default/FreeRTOS/tasks.o
 .comment       0x00000000       0x24 obj/default/FreeRTOS/timers.o
 .comment       0x00000000       0x24 obj/default/hello_world.o
 .comment       0x00000000       0x24 c:/altera/13.0/nios2eds/bin/gnu/h-i686-mingw32/bin/../lib/gcc/nios2-elf/4.1.2/../../../../nios2-elf/lib\libc.a(lib_a-memcmp.o)
 .comment       0x00000000       0x24 c:/altera/13.0/nios2eds/bin/gnu/h-i686-mingw32/bin/../lib/gcc/nios2-elf/4.1.2/../../../../nios2-elf/lib\libc.a(lib_a-memcpy.o)
 .comment       0x00000000       0x24 c:/altera/13.0/nios2eds/bin/gnu/h-i686-mingw32/bin/../lib/gcc/nios2-elf/4.1.2/../../../../nios2-elf/lib\libc.a(lib_a-memset.o)
 .comment       0x00000000       0x24 c:/altera/13.0/nios2eds/bin/gnu/h-i686-mingw32/bin/../lib/gcc/nios2-elf/4.1.2/../../../../nios2-elf/lib\libc.a(lib_a-printf.o)
 .comment       0x00000000       0x24 c:/altera/13.0/nios2eds/bin/gnu/h-i686-mingw32/bin/../lib/gcc/nios2-elf/4.1.2/../../../../nios2-elf/lib\libc.a(lib_a-puts.o)
 .comment       0x00000000       0x24 c:/altera/13.0/nios2eds/bin/gnu/h-i686-mingw32/bin/../lib/gcc/nios2-elf/4.1.2/../../../../nios2-elf/lib\libc.a(lib_a-strlen.o)
 .comment       0x00000000       0x24 c:/altera/13.0/nios2eds/bin/gnu/h-i686-mingw32/bin/../lib/gcc/nios2-elf/4.1.2/../../../../nios2-elf/lib\libc.a(lib_a-vfprintf.o)
 .comment       0x00000000       0x24 c:/altera/13.0/nios2eds/bin/gnu/h-i686-mingw32/bin/../lib/gcc/nios2-elf/4.1.2/../../../../nios2-elf/lib\libc.a(lib_a-wsetup.o)
 .comment       0x00000000       0x24 c:/altera/13.0/nios2eds/bin/gnu/h-i686-mingw32/bin/../lib/gcc/nios2-elf/4.1.2/../../../../nios2-elf/lib\libc.a(lib_a-dtoa.o)
 .comment       0x00000000       0x24 c:/altera/13.0/nios2eds/bin/gnu/h-i686-mingw32/bin/../lib/gcc/nios2-elf/4.1.2/../../../../nios2-elf/lib\libc.a(lib_a-fflush.o)
 .comment       0x00000000       0x24 c:/altera/13.0/nios2eds/bin/gnu/h-i686-mingw32/bin/../lib/gcc/nios2-elf/4.1.2/../../../../nios2-elf/lib\libc.a(lib_a-findfp.o)
 .comment       0x00000000       0x24 c:/altera/13.0/nios2eds/bin/gnu/h-i686-mingw32/bin/../lib/gcc/nios2-elf/4.1.2/../../../../nios2-elf/lib\libc.a(lib_a-freer.o)
 .comment       0x00000000       0x24 c:/altera/13.0/nios2eds/bin/gnu/h-i686-mingw32/bin/../lib/gcc/nios2-elf/4.1.2/../../../../nios2-elf/lib\libc.a(lib_a-fvwrite.o)
 .comment       0x00000000       0x24 c:/altera/13.0/nios2eds/bin/gnu/h-i686-mingw32/bin/../lib/gcc/nios2-elf/4.1.2/../../../../nios2-elf/lib\libc.a(lib_a-fwalk.o)
 .comment       0x00000000       0x24 c:/altera/13.0/nios2eds/bin/gnu/h-i686-mingw32/bin/../lib/gcc/nios2-elf/4.1.2/../../../../nios2-elf/lib\libc.a(lib_a-impure.o)
 .comment       0x00000000       0x24 c:/altera/13.0/nios2eds/bin/gnu/h-i686-mingw32/bin/../lib/gcc/nios2-elf/4.1.2/../../../../nios2-elf/lib\libc.a(lib_a-locale.o)
 .comment       0x00000000       0x24 c:/altera/13.0/nios2eds/bin/gnu/h-i686-mingw32/bin/../lib/gcc/nios2-elf/4.1.2/../../../../nios2-elf/lib\libc.a(lib_a-makebuf.o)
 .comment       0x00000000       0x24 c:/altera/13.0/nios2eds/bin/gnu/h-i686-mingw32/bin/../lib/gcc/nios2-elf/4.1.2/../../../../nios2-elf/lib\libc.a(lib_a-mallocr.o)
 .comment       0x00000000       0x24 c:/altera/13.0/nios2eds/bin/gnu/h-i686-mingw32/bin/../lib/gcc/nios2-elf/4.1.2/../../../../nios2-elf/lib\libc.a(lib_a-memchr.o)
 .comment       0x00000000       0x24 c:/altera/13.0/nios2eds/bin/gnu/h-i686-mingw32/bin/../lib/gcc/nios2-elf/4.1.2/../../../../nios2-elf/lib\libc.a(lib_a-memmove.o)
 .comment       0x00000000       0x24 c:/altera/13.0/nios2eds/bin/gnu/h-i686-mingw32/bin/../lib/gcc/nios2-elf/4.1.2/../../../../nios2-elf/lib\libc.a(lib_a-mprec.o)
 .comment       0x00000000       0x24 c:/altera/13.0/nios2eds/bin/gnu/h-i686-mingw32/bin/../lib/gcc/nios2-elf/4.1.2/../../../../nios2-elf/lib\libc.a(lib_a-reallocr.o)
 .comment       0x00000000       0x24 c:/altera/13.0/nios2eds/bin/gnu/h-i686-mingw32/bin/../lib/gcc/nios2-elf/4.1.2/../../../../nios2-elf/lib\libc.a(lib_a-s_isinfd.o)
 .comment       0x00000000       0x24 c:/altera/13.0/nios2eds/bin/gnu/h-i686-mingw32/bin/../lib/gcc/nios2-elf/4.1.2/../../../../nios2-elf/lib\libc.a(lib_a-s_isnand.o)
 .comment       0x00000000       0x24 c:/altera/13.0/nios2eds/bin/gnu/h-i686-mingw32/bin/../lib/gcc/nios2-elf/4.1.2/../../../../nios2-elf/lib\libc.a(lib_a-sbrkr.o)
 .comment       0x00000000       0x24 c:/altera/13.0/nios2eds/bin/gnu/h-i686-mingw32/bin/../lib/gcc/nios2-elf/4.1.2/../../../../nios2-elf/lib\libc.a(lib_a-stdio.o)
 .comment       0x00000000       0x24 c:/altera/13.0/nios2eds/bin/gnu/h-i686-mingw32/bin/../lib/gcc/nios2-elf/4.1.2/../../../../nios2-elf/lib\libc.a(lib_a-strcmp.o)
 .comment       0x00000000       0x24 c:/altera/13.0/nios2eds/bin/gnu/h-i686-mingw32/bin/../lib/gcc/nios2-elf/4.1.2/../../../../nios2-elf/lib\libc.a(lib_a-writer.o)
 .comment       0x00000000       0x24 c:/altera/13.0/nios2eds/bin/gnu/h-i686-mingw32/bin/../lib/gcc/nios2-elf/4.1.2/../../../../nios2-elf/lib\libc.a(lib_a-callocr.o)
 .comment       0x00000000       0x24 c:/altera/13.0/nios2eds/bin/gnu/h-i686-mingw32/bin/../lib/gcc/nios2-elf/4.1.2/../../../../nios2-elf/lib\libc.a(lib_a-closer.o)
 .comment       0x00000000       0x24 c:/altera/13.0/nios2eds/bin/gnu/h-i686-mingw32/bin/../lib/gcc/nios2-elf/4.1.2/../../../../nios2-elf/lib\libc.a(lib_a-fclose.o)
 .comment       0x00000000       0x24 c:/altera/13.0/nios2eds/bin/gnu/h-i686-mingw32/bin/../lib/gcc/nios2-elf/4.1.2/../../../../nios2-elf/lib\libc.a(lib_a-fstatr.o)
 .comment       0x00000000       0x24 c:/altera/13.0/nios2eds/bin/gnu/h-i686-mingw32/bin/../lib/gcc/nios2-elf/4.1.2/../../../../nios2-elf/lib\libc.a(lib_a-int_errno.o)
 .comment       0x00000000       0x24 c:/altera/13.0/nios2eds/bin/gnu/h-i686-mingw32/bin/../lib/gcc/nios2-elf/4.1.2/../../../../nios2-elf/lib\libc.a(lib_a-isattyr.o)
 .comment       0x00000000       0x24 c:/altera/13.0/nios2eds/bin/gnu/h-i686-mingw32/bin/../lib/gcc/nios2-elf/4.1.2/../../../../nios2-elf/lib\libc.a(lib_a-lseekr.o)
 .comment       0x00000000       0x24 c:/altera/13.0/nios2eds/bin/gnu/h-i686-mingw32/bin/../lib/gcc/nios2-elf/4.1.2/../../../../nios2-elf/lib\libc.a(lib_a-readr.o)
 .comment       0x00000000       0x24 c:/altera/13.0/nios2eds/bin/gnu/h-i686-mingw32/bin/../lib/gcc/nios2-elf/4.1.2\libgcc.a(_udivdi3.o)
 .comment       0x00000000       0x24 c:/altera/13.0/nios2eds/bin/gnu/h-i686-mingw32/bin/../lib/gcc/nios2-elf/4.1.2\libgcc.a(_umoddi3.o)
 .comment       0x00000000       0x24 c:/altera/13.0/nios2eds/bin/gnu/h-i686-mingw32/bin/../lib/gcc/nios2-elf/4.1.2\libgcc.a(_addsub_df.o)
 .comment       0x00000000       0x24 c:/altera/13.0/nios2eds/bin/gnu/h-i686-mingw32/bin/../lib/gcc/nios2-elf/4.1.2\libgcc.a(_mul_df.o)
 .comment       0x00000000       0x24 c:/altera/13.0/nios2eds/bin/gnu/h-i686-mingw32/bin/../lib/gcc/nios2-elf/4.1.2\libgcc.a(_div_df.o)
 .comment       0x00000000       0x24 c:/altera/13.0/nios2eds/bin/gnu/h-i686-mingw32/bin/../lib/gcc/nios2-elf/4.1.2\libgcc.a(_eq_df.o)
 .comment       0x00000000       0x24 c:/altera/13.0/nios2eds/bin/gnu/h-i686-mingw32/bin/../lib/gcc/nios2-elf/4.1.2\libgcc.a(_ne_df.o)
 .comment       0x00000000       0x24 c:/altera/13.0/nios2eds/bin/gnu/h-i686-mingw32/bin/../lib/gcc/nios2-elf/4.1.2\libgcc.a(_gt_df.o)
 .comment       0x00000000       0x24 c:/altera/13.0/nios2eds/bin/gnu/h-i686-mingw32/bin/../lib/gcc/nios2-elf/4.1.2\libgcc.a(_ge_df.o)
 .comment       0x00000000       0x24 c:/altera/13.0/nios2eds/bin/gnu/h-i686-mingw32/bin/../lib/gcc/nios2-elf/4.1.2\libgcc.a(_lt_df.o)
 .comment       0x00000000       0x24 c:/altera/13.0/nios2eds/bin/gnu/h-i686-mingw32/bin/../lib/gcc/nios2-elf/4.1.2\libgcc.a(_si_to_df.o)
 .comment       0x00000000       0x24 c:/altera/13.0/nios2eds/bin/gnu/h-i686-mingw32/bin/../lib/gcc/nios2-elf/4.1.2\libgcc.a(_df_to_si.o)
 .comment       0x00000000       0x24 c:/altera/13.0/nios2eds/bin/gnu/h-i686-mingw32/bin/../lib/gcc/nios2-elf/4.1.2\libgcc.a(_thenan_df.o)
 .comment       0x00000000       0x24 c:/altera/13.0/nios2eds/bin/gnu/h-i686-mingw32/bin/../lib/gcc/nios2-elf/4.1.2\libgcc.a(_usi_to_df.o)
 .comment       0x00000000       0x24 c:/altera/13.0/nios2eds/bin/gnu/h-i686-mingw32/bin/../lib/gcc/nios2-elf/4.1.2\libgcc.a(lib2-divmod.o)
 .comment       0x00000000       0x24 c:/altera/13.0/nios2eds/bin/gnu/h-i686-mingw32/bin/../lib/gcc/nios2-elf/4.1.2\libgcc.a(_muldi3.o)
 .comment       0x00000000       0x24 c:/altera/13.0/nios2eds/bin/gnu/h-i686-mingw32/bin/../lib/gcc/nios2-elf/4.1.2\libgcc.a(_clz.o)
 .comment       0x00000000       0x24 c:/altera/13.0/nios2eds/bin/gnu/h-i686-mingw32/bin/../lib/gcc/nios2-elf/4.1.2\libgcc.a(_clzsi2.o)
 .comment       0x00000000       0x24 c:/altera/13.0/nios2eds/bin/gnu/h-i686-mingw32/bin/../lib/gcc/nios2-elf/4.1.2\libgcc.a(_pack_df.o)
 .comment       0x00000000       0x24 c:/altera/13.0/nios2eds/bin/gnu/h-i686-mingw32/bin/../lib/gcc/nios2-elf/4.1.2\libgcc.a(_unpack_df.o)
 .comment       0x00000000       0x24 c:/altera/13.0/nios2eds/bin/gnu/h-i686-mingw32/bin/../lib/gcc/nios2-elf/4.1.2\libgcc.a(_fpcmp_parts_df.o)
 .comment       0x00000000       0x24 ../a1_bsp/\libhal_bsp.a(alt_close.o)
 .comment       0x00000000       0x24 ../a1_bsp/\libhal_bsp.a(alt_dev.o)
 .comment       0x00000000       0x24 ../a1_bsp/\libhal_bsp.a(alt_errno.o)
 .comment       0x00000000       0x24 ../a1_bsp/\libhal_bsp.a(alt_fstat.o)
 .comment       0x00000000       0x24 ../a1_bsp/\libhal_bsp.a(alt_irq_handler.o)
 .comment       0x00000000       0x24 ../a1_bsp/\libhal_bsp.a(alt_irq_vars.o)
 .comment       0x00000000       0x24 ../a1_bsp/\libhal_bsp.a(alt_isatty.o)
 .comment       0x00000000       0x24 ../a1_bsp/\libhal_bsp.a(alt_lseek.o)
 .comment       0x00000000       0x24 ../a1_bsp/\libhal_bsp.a(alt_main.o)
 .comment       0x00000000       0x24 ../a1_bsp/\libhal_bsp.a(alt_malloc_lock.o)
 .comment       0x00000000       0x24 ../a1_bsp/\libhal_bsp.a(alt_read.o)
 .comment       0x00000000       0x24 ../a1_bsp/\libhal_bsp.a(alt_release_fd.o)
 .comment       0x00000000       0x24 ../a1_bsp/\libhal_bsp.a(alt_sbrk.o)
 .comment       0x00000000       0x24 ../a1_bsp/\libhal_bsp.a(alt_usleep.o)
 .comment       0x00000000       0x24 ../a1_bsp/\libhal_bsp.a(alt_write.o)
 .comment       0x00000000       0x24 ../a1_bsp/\libhal_bsp.a(alt_sys_init.o)
 .comment       0x00000000       0x24 ../a1_bsp/\libhal_bsp.a(altera_avalon_cfi_flash.o)
 .comment       0x00000000       0x24 ../a1_bsp/\libhal_bsp.a(altera_avalon_cfi_flash_table.o)
 .comment       0x00000000       0x24 ../a1_bsp/\libhal_bsp.a(altera_avalon_jtag_uart_fd.o)
 .comment       0x00000000       0x24 ../a1_bsp/\libhal_bsp.a(altera_avalon_jtag_uart_init.o)
 .comment       0x00000000       0x24 ../a1_bsp/\libhal_bsp.a(altera_avalon_jtag_uart_ioctl.o)
 .comment       0x00000000       0x24 ../a1_bsp/\libhal_bsp.a(altera_avalon_jtag_uart_read.o)
 .comment       0x00000000       0x24 ../a1_bsp/\libhal_bsp.a(altera_avalon_jtag_uart_write.o)
 .comment       0x00000000       0x24 ../a1_bsp/\libhal_bsp.a(altera_avalon_lcd_16207.o)
 .comment       0x00000000       0x24 ../a1_bsp/\libhal_bsp.a(altera_avalon_lcd_16207_fd.o)
 .comment       0x00000000       0x24 ../a1_bsp/\libhal_bsp.a(altera_avalon_timer_sc.o)
 .comment       0x00000000       0x24 ../a1_bsp/\libhal_bsp.a(altera_avalon_uart_fd.o)
 .comment       0x00000000       0x24 ../a1_bsp/\libhal_bsp.a(altera_avalon_uart_init.o)
 .comment       0x00000000       0x24 ../a1_bsp/\libhal_bsp.a(altera_avalon_uart_read.o)
 .comment       0x00000000       0x24 ../a1_bsp/\libhal_bsp.a(altera_avalon_uart_write.o)
 .comment       0x00000000       0x24 ../a1_bsp/\libhal_bsp.a(altera_up_avalon_ps2.o)
 .comment       0x00000000       0x24 ../a1_bsp/\libhal_bsp.a(altera_up_avalon_video_character_buffer_with_dma.o)
 .comment       0x00000000       0x24 ../a1_bsp/\libhal_bsp.a(alt_alarm_start.o)
 .comment       0x00000000       0x24 ../a1_bsp/\libhal_bsp.a(alt_busy_sleep.o)
 .comment       0x00000000       0x24 ../a1_bsp/\libhal_bsp.a(alt_dcache_flush.o)
 .comment       0x00000000       0x24 ../a1_bsp/\libhal_bsp.a(alt_dev_llist_insert.o)
 .comment       0x00000000       0x24 ../a1_bsp/\libhal_bsp.a(alt_do_ctors.o)
 .comment       0x00000000       0x24 ../a1_bsp/\libhal_bsp.a(alt_do_dtors.o)
 .comment       0x00000000       0x24 ../a1_bsp/\libhal_bsp.a(alt_find_dev.o)
 .comment       0x00000000       0x24 ../a1_bsp/\libhal_bsp.a(alt_flash_dev.o)
 .comment       0x00000000       0x24 ../a1_bsp/\libhal_bsp.a(alt_io_redirect.o)
 .comment       0x00000000       0x24 ../a1_bsp/\libhal_bsp.a(alt_open.o)
 .comment       0x00000000       0x24 ../a1_bsp/\libhal_bsp.a(alt_tick.o)
 .comment       0x00000000       0x24 ../a1_bsp/\libhal_bsp.a(altera_nios2_qsys_irq.o)
 .comment       0x00000000       0x24 ../a1_bsp/\libhal_bsp.a(altera_avalon_cfi_flash_amd.o)
 .comment       0x00000000       0x24 ../a1_bsp/\libhal_bsp.a(altera_avalon_cfi_flash_intel.o)
 .comment       0x00000000       0x24 ../a1_bsp/\libhal_bsp.a(alt_find_file.o)
 .comment       0x00000000       0x24 ../a1_bsp/\libhal_bsp.a(alt_get_fd.o)
 .comment       0x00000000       0x24 c:/altera/13.0/nios2eds/bin/gnu/h-i686-mingw32/bin/../lib/gcc/nios2-elf/4.1.2/../../../../nios2-elf/lib\libc.a(lib_a-atexit.o)
 .comment       0x00000000       0x24 c:/altera/13.0/nios2eds/bin/gnu/h-i686-mingw32/bin/../lib/gcc/nios2-elf/4.1.2/../../../../nios2-elf/lib\libc.a(lib_a-ctype_.o)
 .comment       0x00000000       0x24 c:/altera/13.0/nios2eds/bin/gnu/h-i686-mingw32/bin/../lib/gcc/nios2-elf/4.1.2/../../../../nios2-elf/lib\libc.a(lib_a-exit.o)
 .comment       0x00000000       0x24 c:/altera/13.0/nios2eds/bin/gnu/h-i686-mingw32/bin/../lib/gcc/nios2-elf/4.1.2/../../../../nios2-elf/lib\libc.a(lib_a-__atexit.o)
 .comment       0x00000000       0x24 c:/altera/13.0/nios2eds/bin/gnu/h-i686-mingw32/bin/../lib/gcc/nios2-elf/4.1.2/../../../../nios2-elf/lib\libc.a(lib_a-__call_atexit.o)
 .comment       0x00000000       0x24 ../a1_bsp/\libhal_bsp.a(alt_exit.o)

.debug
 *(.debug)

.line
 *(.line)

.debug_srcinfo
 *(.debug_srcinfo)

.debug_sfnames
 *(.debug_sfnames)

.debug_aranges  0x00000000      0xe88
 *(.debug_aranges)
 .debug_aranges
                0x00000000       0x20 ../a1_bsp//obj/HAL/src/crt0.o
 .debug_aranges
                0x00000020       0x20 obj/default/FreeRTOS/croutine.o
 .debug_aranges
                0x00000040       0x20 obj/default/FreeRTOS/event_groups.o
 .debug_aranges
                0x00000060       0x20 obj/default/FreeRTOS/heap.o
 .debug_aranges
                0x00000080       0x20 obj/default/FreeRTOS/list.o
 .debug_aranges
                0x000000a0       0x20 obj/default/FreeRTOS/port.o
 .debug_aranges
                0x000000c0       0x20 obj/default/FreeRTOS/queue.o
 .debug_aranges
                0x000000e0       0x20 obj/default/FreeRTOS/tasks.o
 .debug_aranges
                0x00000100       0x20 obj/default/FreeRTOS/timers.o
 .debug_aranges
                0x00000120       0x20 obj/default/hello_world.o
 .debug_aranges
                0x00000140       0x40 obj/default/FreeRTOS/port_asm.o
 .debug_aranges
                0x00000180       0x20 c:/altera/13.0/nios2eds/bin/gnu/h-i686-mingw32/bin/../lib/gcc/nios2-elf/4.1.2/../../../../nios2-elf/lib\libc.a(lib_a-memcmp.o)
 .debug_aranges
                0x000001a0       0x20 c:/altera/13.0/nios2eds/bin/gnu/h-i686-mingw32/bin/../lib/gcc/nios2-elf/4.1.2/../../../../nios2-elf/lib\libc.a(lib_a-memcpy.o)
 .debug_aranges
                0x000001c0       0x20 c:/altera/13.0/nios2eds/bin/gnu/h-i686-mingw32/bin/../lib/gcc/nios2-elf/4.1.2/../../../../nios2-elf/lib\libc.a(lib_a-memset.o)
 .debug_aranges